[0.089s][info][gc,start    ] GC(0) Pause Young (Normal) (G1 Evacuation Pause)
[0.090s][info][gc,task     ] GC(0) Using 3 workers of 18 for evacuation
[0.091s][info][gc,phases   ] GC(0)   Pre Evacuate Collection Set: 0.1ms
[0.091s][info][gc,phases   ] GC(0)   Merge Heap Roots: 0.1ms
[0.091s][info][gc,phases   ] GC(0)   Evacuate Collection Set: 1.0ms
[0.092s][info][gc,phases   ] GC(0)   Post Evacuate Collection Set: 0.3ms
[0.092s][info][gc,phases   ] GC(0)   Other: 0.3ms
[0.092s][info][gc,heap     ] GC(0) Eden regions: 5->0(3)
[0.092s][info][gc,heap     ] GC(0) Survivor regions: 0->1(1)
[0.092s][info][gc,heap     ] GC(0) Old regions: 1->2
[0.092s][info][gc,heap     ] GC(0) Humongous regions: 0->0
[0.092s][info][gc,metaspace] GC(0) Metaspace: 5276K(5504K)->5276K(5504K) NonClass: 4807K(4928K)->4807K(4928K) Class: 468K(576K)->468K(576K)
[0.092s][info][gc          ] GC(0) Pause Young (Normal) (G1 Evacuation Pause) 21M->8M(132M) 2.345ms
[0.092s][info][gc,cpu      ] GC(0) User=0.00s Sys=0.00s Real=0.00s
[0.144s][info][gc,start    ] GC(1) Pause Young (Normal) (G1 Evacuation Pause)
[0.144s][info][gc,task     ] GC(1) Using 6 workers of 18 for evacuation
[0.146s][info][gc,phases   ] GC(1)   Pre Evacuate Collection Set: 0.1ms
[0.146s][info][gc,phases   ] GC(1)   Merge Heap Roots: 0.1ms
[0.146s][info][gc,phases   ] GC(1)   Evacuate Collection Set: 1.4ms
[0.146s][info][gc,phases   ] GC(1)   Post Evacuate Collection Set: 0.4ms
[0.146s][info][gc,phases   ] GC(1)   Other: 0.4ms
[0.146s][info][gc,heap     ] GC(1) Eden regions: 3->0(9)
[0.146s][info][gc,heap     ] GC(1) Survivor regions: 1->1(1)
[0.146s][info][gc,heap     ] GC(1) Old regions: 2->3
[0.146s][info][gc,heap     ] GC(1) Humongous regions: 0->0
[0.146s][info][gc,metaspace] GC(1) Metaspace: 14677K(15040K)->14677K(15040K) NonClass: 13256K(13440K)->13256K(13440K) Class: 1420K(1600K)->1420K(1600K)
[0.146s][info][gc          ] GC(1) Pause Young (Normal) (G1 Evacuation Pause) 20M->12M(132M) 2.850ms
[0.146s][info][gc,cpu      ] GC(1) User=0.02s Sys=0.00s Real=0.00s
[0.285s][info][gc,start    ] GC(2) Pause Young (Concurrent Start) (Metadata GC Threshold)
[0.285s][info][gc,task     ] GC(2) Using 6 workers of 18 for evacuation
[0.288s][info][gc,phases   ] GC(2)   Pre Evacuate Collection Set: 0.1ms
[0.288s][info][gc,phases   ] GC(2)   Merge Heap Roots: 0.1ms
[0.288s][info][gc,phases   ] GC(2)   Evacuate Collection Set: 2.4ms
[0.288s][info][gc,phases   ] GC(2)   Post Evacuate Collection Set: 0.6ms
[0.288s][info][gc,phases   ] GC(2)   Other: 0.1ms
[0.288s][info][gc,heap     ] GC(2) Eden regions: 9->0(9)
[0.288s][info][gc,heap     ] GC(2) Survivor regions: 1->2(2)
[0.288s][info][gc,heap     ] GC(2) Old regions: 3->5
[0.288s][info][gc,heap     ] GC(2) Humongous regions: 0->0
[0.288s][info][gc,metaspace] GC(2) Metaspace: 21149K(21504K)->21149K(21504K) NonClass: 19012K(19200K)->19012K(19200K) Class: 2137K(2304K)->2137K(2304K)
[0.288s][info][gc          ] GC(2) Pause Young (Concurrent Start) (Metadata GC Threshold) 45M->24M(132M) 3.990ms
[0.289s][info][gc,cpu      ] GC(2) User=0.01s Sys=0.00s Real=0.00s
[0.289s][info][gc          ] GC(3) Concurrent Mark Cycle
[0.289s][info][gc,marking  ] GC(3) Concurrent Scan Root Regions
[0.291s][info][gc,marking  ] GC(3) Concurrent Scan Root Regions 1.521ms
[0.291s][info][gc,marking  ] GC(3) Concurrent Mark
[0.291s][info][gc,marking  ] GC(3) Concurrent Mark From Roots
[0.291s][info][gc,task     ] GC(3) Using 5 workers of 5 for marking
[0.293s][info][gc,marking  ] GC(3) Concurrent Mark From Roots 2.274ms
[0.293s][info][gc,marking  ] GC(3) Concurrent Preclean
[0.294s][info][gc,marking  ] GC(3) Concurrent Preclean 0.059ms
[0.295s][info][gc,start    ] GC(3) Pause Remark
[0.296s][info][gc          ] GC(3) Pause Remark 25M->25M(128M) 1.173ms
[0.296s][info][gc,cpu      ] GC(3) User=0.00s Sys=0.00s Real=0.00s
[0.296s][info][gc,marking  ] GC(3) Concurrent Mark 4.877ms
[0.296s][info][gc,marking  ] GC(3) Concurrent Rebuild Remembered Sets and Scrub Regions
[0.298s][info][gc,marking  ] GC(3) Concurrent Rebuild Remembered Sets and Scrub Regions 1.967ms
[0.298s][info][gc,start    ] GC(3) Pause Cleanup
[0.299s][info][gc          ] GC(3) Pause Cleanup 25M->25M(128M) 0.262ms
[0.299s][info][gc,cpu      ] GC(3) User=0.00s Sys=0.00s Real=0.00s
[0.299s][info][gc,marking  ] GC(3) Concurrent Clear Claimed Marks
[0.299s][info][gc,marking  ] GC(3) Concurrent Clear Claimed Marks 0.074ms
[0.299s][info][gc,marking  ] GC(3) Concurrent Cleanup for Next Mark
[0.300s][info][gc,marking  ] GC(3) Concurrent Cleanup for Next Mark 0.626ms
[0.300s][info][gc          ] GC(3) Concurrent Mark Cycle 11.023ms
[0.397s][info][gc,start    ] GC(4) Pause Young (Prepare Mixed) (Metadata GC Threshold)
[0.397s][info][gc,task     ] GC(4) Using 8 workers of 18 for evacuation
[0.400s][info][gc,phases   ] GC(4)   Pre Evacuate Collection Set: 0.1ms
[0.400s][info][gc,phases   ] GC(4)   Merge Heap Roots: 0.1ms
[0.400s][info][gc,phases   ] GC(4)   Evacuate Collection Set: 2.1ms
[0.400s][info][gc,phases   ] GC(4)   Post Evacuate Collection Set: 1.1ms
[0.400s][info][gc,phases   ] GC(4)   Other: 0.1ms
[0.401s][info][gc,heap     ] GC(4) Eden regions: 6->0(9)
[0.401s][info][gc,heap     ] GC(4) Survivor regions: 2->2(2)
[0.401s][info][gc,heap     ] GC(4) Old regions: 5->8
[0.401s][info][gc,heap     ] GC(4) Humongous regions: 0->0
[0.401s][info][gc,metaspace] GC(4) Metaspace: 35737K(36288K)->35737K(36288K) NonClass: 31834K(32128K)->31834K(32128K) Class: 3902K(4160K)->3902K(4160K)
[0.401s][info][gc          ] GC(4) Pause Young (Prepare Mixed) (Metadata GC Threshold) 47M->29M(128M) 4.145ms
[0.401s][info][gc,cpu      ] GC(4) User=0.01s Sys=0.00s Real=0.00s
[0.405s][info][gc,start    ] GC(5) Pause Young (Mixed) (Metadata GC Threshold)
[0.405s][info][gc,task     ] GC(5) Using 8 workers of 18 for evacuation
[0.407s][info][gc,phases   ] GC(5)   Pre Evacuate Collection Set: 0.1ms
[0.407s][info][gc,phases   ] GC(5)   Merge Heap Roots: 0.1ms
[0.407s][info][gc,phases   ] GC(5)   Evacuate Collection Set: 1.7ms
[0.407s][info][gc,phases   ] GC(5)   Post Evacuate Collection Set: 0.4ms
[0.407s][info][gc,phases   ] GC(5)   Other: 0.1ms
[0.407s][info][gc,heap     ] GC(5) Eden regions: 1->0(13)
[0.407s][info][gc,heap     ] GC(5) Survivor regions: 2->1(1)
[0.407s][info][gc,heap     ] GC(5) Old regions: 8->8
[0.407s][info][gc,heap     ] GC(5) Humongous regions: 0->0
[0.407s][info][gc,metaspace] GC(5) Metaspace: 35971K(36608K)->35971K(36608K) NonClass: 32045K(32384K)->32045K(32384K) Class: 3925K(4224K)->3925K(4224K)
[0.407s][info][gc          ] GC(5) Pause Young (Mixed) (Metadata GC Threshold) 31M->29M(164M) 2.782ms
[0.407s][info][gc,cpu      ] GC(5) User=0.01s Sys=0.00s Real=0.00s
[0.420s][info][gc,start    ] GC(6) Pause Young (Concurrent Start) (Metadata GC Threshold)
[0.420s][info][gc,task     ] GC(6) Using 8 workers of 18 for evacuation
[0.421s][info][gc,phases   ] GC(6)   Pre Evacuate Collection Set: 0.1ms
[0.421s][info][gc,phases   ] GC(6)   Merge Heap Roots: 0.1ms
[0.421s][info][gc,phases   ] GC(6)   Evacuate Collection Set: 0.4ms
[0.421s][info][gc,phases   ] GC(6)   Post Evacuate Collection Set: 0.4ms
[0.421s][info][gc,phases   ] GC(6)   Other: 0.1ms
[0.421s][info][gc,heap     ] GC(6) Eden regions: 1->0(16)
[0.421s][info][gc,heap     ] GC(6) Survivor regions: 1->1(2)
[0.421s][info][gc,heap     ] GC(6) Old regions: 8->8
[0.421s][info][gc,heap     ] GC(6) Humongous regions: 0->0
[0.421s][info][gc,metaspace] GC(6) Metaspace: 36334K(36928K)->36334K(36928K) NonClass: 32376K(32704K)->32376K(32704K) Class: 3958K(4224K)->3958K(4224K)
[0.421s][info][gc          ] GC(6) Pause Young (Concurrent Start) (Metadata GC Threshold) 31M->29M(164M) 1.519ms
[0.421s][info][gc,cpu      ] GC(6) User=0.00s Sys=0.00s Real=0.00s
[0.421s][info][gc          ] GC(7) Concurrent Mark Cycle
[0.421s][info][gc,marking  ] GC(7) Concurrent Scan Root Regions
[0.422s][info][gc,marking  ] GC(7) Concurrent Scan Root Regions 0.450ms
[0.422s][info][gc,marking  ] GC(7) Concurrent Mark
[0.422s][info][gc,marking  ] GC(7) Concurrent Mark From Roots
[0.422s][info][gc,task     ] GC(7) Using 5 workers of 5 for marking
[0.469s][info][gc,marking  ] GC(7) Concurrent Mark From Roots 47.253ms
[0.469s][info][gc,marking  ] GC(7) Concurrent Preclean
[0.471s][info][gc,marking  ] GC(7) Concurrent Preclean 1.314ms
[0.475s][info][gc,start    ] GC(7) Pause Remark
[0.479s][info][gc          ] GC(7) Pause Remark 34M->34M(128M) 3.196ms
[0.479s][info][gc,cpu      ] GC(7) User=0.02s Sys=0.00s Real=0.00s
[0.479s][info][gc,marking  ] GC(7) Concurrent Mark 56.913ms
[0.479s][info][gc,marking  ] GC(7) Concurrent Rebuild Remembered Sets and Scrub Regions
[0.486s][info][gc,marking  ] GC(7) Concurrent Rebuild Remembered Sets and Scrub Regions 6.547ms
[0.487s][info][gc,start    ] GC(7) Pause Cleanup
[0.487s][info][gc          ] GC(7) Pause Cleanup 34M->34M(128M) 0.181ms
[0.487s][info][gc,cpu      ] GC(7) User=0.00s Sys=0.00s Real=0.00s
[0.487s][info][gc,marking  ] GC(7) Concurrent Clear Claimed Marks
[0.487s][info][gc,marking  ] GC(7) Concurrent Clear Claimed Marks 0.160ms
[0.488s][info][gc,marking  ] GC(7) Concurrent Cleanup for Next Mark
[0.488s][info][gc,marking  ] GC(7) Concurrent Cleanup for Next Mark 0.305ms
[0.488s][info][gc          ] GC(7) Concurrent Mark Cycle 67.217ms
[0.639s][info][gc,start    ] GC(8) Pause Young (Prepare Mixed) (G1 Evacuation Pause)
[0.639s][info][gc,task     ] GC(8) Using 8 workers of 18 for evacuation
[0.643s][info][gc,phases   ] GC(8)   Pre Evacuate Collection Set: 0.1ms
[0.643s][info][gc,phases   ] GC(8)   Merge Heap Roots: 0.1ms
[0.643s][info][gc,phases   ] GC(8)   Evacuate Collection Set: 2.7ms
[0.643s][info][gc,phases   ] GC(8)   Post Evacuate Collection Set: 0.7ms
[0.643s][info][gc,phases   ] GC(8)   Other: 0.1ms
[0.643s][info][gc,heap     ] GC(8) Eden regions: 16->0(10)
[0.643s][info][gc,heap     ] GC(8) Survivor regions: 1->3(3)
[0.643s][info][gc,heap     ] GC(8) Old regions: 8->9
[0.643s][info][gc,heap     ] GC(8) Humongous regions: 0->0
[0.643s][info][gc,metaspace] GC(8) Metaspace: 60341K(61376K)->60341K(61376K) NonClass: 53478K(54080K)->53478K(54080K) Class: 6863K(7296K)->6863K(7296K)
[0.643s][info][gc          ] GC(8) Pause Young (Prepare Mixed) (G1 Evacuation Pause) 93M->43M(128M) 4.314ms
[0.644s][info][gc,cpu      ] GC(8) User=0.03s Sys=0.00s Real=0.01s
[0.699s][info][gc,start    ] GC(9) Pause Young (Mixed) (Metadata GC Threshold)
[0.699s][info][gc,task     ] GC(9) Using 8 workers of 18 for evacuation
[0.701s][info][gc,phases   ] GC(9)   Pre Evacuate Collection Set: 0.1ms
[0.701s][info][gc,phases   ] GC(9)   Merge Heap Roots: 0.1ms
[0.701s][info][gc,phases   ] GC(9)   Evacuate Collection Set: 2.1ms
[0.701s][info][gc,phases   ] GC(9)   Post Evacuate Collection Set: 0.4ms
[0.701s][info][gc,phases   ] GC(9)   Other: 0.1ms
[0.702s][info][gc,heap     ] GC(9) Eden regions: 4->0(10)
[0.702s][info][gc,heap     ] GC(9) Survivor regions: 3->1(2)
[0.702s][info][gc,heap     ] GC(9) Old regions: 9->12
[0.702s][info][gc,heap     ] GC(9) Humongous regions: 0->0
[0.702s][info][gc,metaspace] GC(9) Metaspace: 63866K(64896K)->63866K(64896K) NonClass: 56567K(57152K)->56567K(57152K) Class: 7299K(7744K)->7299K(7744K)
[0.702s][info][gc          ] GC(9) Pause Young (Mixed) (Metadata GC Threshold) 59M->47M(128M) 3.164ms
[0.702s][info][gc,cpu      ] GC(9) User=0.02s Sys=0.00s Real=0.00s
[0.707s][info][gc,start    ] GC(10) Pause Young (Concurrent Start) (Metadata GC Threshold)
[0.707s][info][gc,task     ] GC(10) Using 8 workers of 18 for evacuation
[0.708s][info][gc,phases   ] GC(10)   Pre Evacuate Collection Set: 0.1ms
[0.708s][info][gc,phases   ] GC(10)   Merge Heap Roots: 0.1ms
[0.708s][info][gc,phases   ] GC(10)   Evacuate Collection Set: 0.9ms
[0.708s][info][gc,phases   ] GC(10)   Post Evacuate Collection Set: 0.3ms
[0.708s][info][gc,phases   ] GC(10)   Other: 0.1ms
[0.708s][info][gc,heap     ] GC(10) Eden regions: 1->0(11)
[0.708s][info][gc,heap     ] GC(10) Survivor regions: 1->1(2)
[0.708s][info][gc,heap     ] GC(10) Old regions: 12->12
[0.708s][info][gc,heap     ] GC(10) Humongous regions: 0->0
[0.709s][info][gc,metaspace] GC(10) Metaspace: 64147K(65216K)->64147K(65216K) NonClass: 56812K(57408K)->56812K(57408K) Class: 7334K(7808K)->7334K(7808K)
[0.709s][info][gc          ] GC(10) Pause Young (Concurrent Start) (Metadata GC Threshold) 50M->47M(128M) 1.979ms
[0.709s][info][gc,cpu      ] GC(10) User=0.00s Sys=0.00s Real=0.00s
[0.709s][info][gc          ] GC(11) Concurrent Mark Cycle
[0.709s][info][gc,marking  ] GC(11) Concurrent Scan Root Regions
[0.711s][info][gc,marking  ] GC(11) Concurrent Scan Root Regions 2.158ms
[0.711s][info][gc,marking  ] GC(11) Concurrent Mark
[0.711s][info][gc,marking  ] GC(11) Concurrent Mark From Roots
[0.711s][info][gc,task     ] GC(11) Using 5 workers of 5 for marking
[0.720s][info][gc,marking  ] GC(11) Concurrent Mark From Roots 8.484ms
[0.720s][info][gc,marking  ] GC(11) Concurrent Preclean
[0.720s][info][gc,marking  ] GC(11) Concurrent Preclean 0.122ms
[0.720s][info][gc,start    ] GC(11) Pause Remark
[0.725s][info][gc          ] GC(11) Pause Remark 50M->50M(128M) 4.848ms
[0.725s][info][gc,cpu      ] GC(11) User=0.04s Sys=0.00s Real=0.01s
[0.725s][info][gc,marking  ] GC(11) Concurrent Mark 14.349ms
[0.726s][info][gc,marking  ] GC(11) Concurrent Rebuild Remembered Sets and Scrub Regions
[0.731s][info][gc,marking  ] GC(11) Concurrent Rebuild Remembered Sets and Scrub Regions 5.077ms
[0.732s][info][gc,start    ] GC(11) Pause Cleanup
[0.732s][info][gc          ] GC(11) Pause Cleanup 51M->51M(128M) 0.151ms
[0.732s][info][gc,cpu      ] GC(11) User=0.00s Sys=0.00s Real=0.00s
[0.732s][info][gc,marking  ] GC(11) Concurrent Clear Claimed Marks
[0.732s][info][gc,marking  ] GC(11) Concurrent Clear Claimed Marks 0.160ms
[0.732s][info][gc,marking  ] GC(11) Concurrent Cleanup for Next Mark
[0.732s][info][gc,marking  ] GC(11) Concurrent Cleanup for Next Mark 0.143ms
[0.732s][info][gc          ] GC(11) Concurrent Mark Cycle 23.665ms
[1.334s][info][gc,start    ] GC(12) Pause Young (Prepare Mixed) (G1 Evacuation Pause)
[1.334s][info][gc,task     ] GC(12) Using 8 workers of 18 for evacuation
[1.338s][info][gc,phases   ] GC(12)   Pre Evacuate Collection Set: 0.2ms
[1.338s][info][gc,phases   ] GC(12)   Merge Heap Roots: 0.1ms
[1.338s][info][gc,phases   ] GC(12)   Evacuate Collection Set: 2.7ms
[1.338s][info][gc,phases   ] GC(12)   Post Evacuate Collection Set: 0.7ms
[1.338s][info][gc,phases   ] GC(12)   Other: 0.1ms
[1.338s][info][gc,heap     ] GC(12) Eden regions: 11->0(11)
[1.339s][info][gc,heap     ] GC(12) Survivor regions: 1->2(2)
[1.339s][info][gc,heap     ] GC(12) Old regions: 12->12
[1.339s][info][gc,heap     ] GC(12) Humongous regions: 0->0
[1.339s][info][gc,metaspace] GC(12) Metaspace: 73245K(74304K)->73245K(74304K) NonClass: 64772K(65344K)->64772K(65344K) Class: 8472K(8960K)->8472K(8960K)
[1.339s][info][gc          ] GC(12) Pause Young (Prepare Mixed) (G1 Evacuation Pause) 91M->54M(128M) 4.597ms
[1.339s][info][gc,cpu      ] GC(12) User=0.02s Sys=0.00s Real=0.00s
[5.624s][info][gc,start    ] GC(13) Pause Young (Mixed) (G1 Evacuation Pause)
[5.624s][info][gc,task     ] GC(13) Using 12 workers of 18 for evacuation
[5.627s][info][gc,phases   ] GC(13)   Pre Evacuate Collection Set: 0.1ms
[5.627s][info][gc,phases   ] GC(13)   Merge Heap Roots: 0.1ms
[5.627s][info][gc,phases   ] GC(13)   Evacuate Collection Set: 2.3ms
[5.627s][info][gc,phases   ] GC(13)   Post Evacuate Collection Set: 0.6ms
[5.627s][info][gc,phases   ] GC(13)   Other: 0.1ms
[5.627s][info][gc,heap     ] GC(13) Eden regions: 11->0(10)
[5.628s][info][gc,heap     ] GC(13) Survivor regions: 2->2(2)
[5.628s][info][gc,heap     ] GC(13) Old regions: 12->14
[5.628s][info][gc,heap     ] GC(13) Humongous regions: 3->0
[5.628s][info][gc,metaspace] GC(13) Metaspace: 79839K(80896K)->79839K(80896K) NonClass: 70637K(71232K)->70637K(71232K) Class: 9202K(9664K)->9202K(9664K)
[5.628s][info][gc          ] GC(13) Pause Young (Mixed) (G1 Evacuation Pause) 110M->59M(132M) 3.826ms
[5.628s][info][gc,cpu      ] GC(13) User=0.02s Sys=0.00s Real=0.00s
[9.212s][info][gc,start    ] GC(14) Pause Young (Concurrent Start) (G1 Humongous Allocation)
[9.212s][info][gc,task     ] GC(14) Using 12 workers of 18 for evacuation
[9.214s][info][gc,phases   ] GC(14)   Pre Evacuate Collection Set: 0.1ms
[9.214s][info][gc,phases   ] GC(14)   Merge Heap Roots: 0.1ms
[9.214s][info][gc,phases   ] GC(14)   Evacuate Collection Set: 1.0ms
[9.214s][info][gc,phases   ] GC(14)   Post Evacuate Collection Set: 0.4ms
[9.214s][info][gc,phases   ] GC(14)   Other: 0.1ms
[9.214s][info][gc,heap     ] GC(14) Eden regions: 9->0(11)
[9.214s][info][gc,heap     ] GC(14) Survivor regions: 2->1(2)
[9.214s][info][gc,heap     ] GC(14) Old regions: 14->16
[9.214s][info][gc,heap     ] GC(14) Humongous regions: 2->0
[9.214s][info][gc,metaspace] GC(14) Metaspace: 81035K(82112K)->81035K(82112K) NonClass: 71717K(72320K)->71717K(72320K) Class: 9317K(9792K)->9317K(9792K)
[9.214s][info][gc          ] GC(14) Pause Young (Concurrent Start) (G1 Humongous Allocation) 101M->60M(132M) 2.547ms
[9.214s][info][gc,cpu      ] GC(14) User=0.01s Sys=0.00s Real=0.01s
[9.214s][info][gc          ] GC(15) Concurrent Mark Cycle
[9.218s][info][gc,marking  ] GC(15) Concurrent Scan Root Regions
[9.220s][info][gc,marking  ] GC(15) Concurrent Scan Root Regions 1.494ms
[9.220s][info][gc,marking  ] GC(15) Concurrent Mark
[9.220s][info][gc,marking  ] GC(15) Concurrent Mark From Roots
[9.220s][info][gc,task     ] GC(15) Using 5 workers of 5 for marking
[9.226s][info][gc,marking  ] GC(15) Concurrent Mark From Roots 5.894ms
[9.226s][info][gc,marking  ] GC(15) Concurrent Preclean
[9.226s][info][gc,marking  ] GC(15) Concurrent Preclean 0.108ms
[9.226s][info][gc,start    ] GC(15) Pause Remark
[9.229s][info][gc          ] GC(15) Pause Remark 261M->261M(448M) 2.461ms
[9.229s][info][gc,cpu      ] GC(15) User=0.01s Sys=0.00s Real=0.00s
[9.229s][info][gc,marking  ] GC(15) Concurrent Mark 9.129ms
[9.232s][info][gc,marking  ] GC(15) Concurrent Rebuild Remembered Sets and Scrub Regions
[9.238s][info][gc,marking  ] GC(15) Concurrent Rebuild Remembered Sets and Scrub Regions 5.730ms
[9.238s][info][gc,start    ] GC(15) Pause Cleanup
[9.238s][info][gc          ] GC(15) Pause Cleanup 293M->293M(448M) 0.159ms
[9.238s][info][gc,cpu      ] GC(15) User=0.00s Sys=0.00s Real=0.00s
[9.239s][info][gc,marking  ] GC(15) Concurrent Clear Claimed Marks
[9.243s][info][gc,marking  ] GC(15) Concurrent Clear Claimed Marks 3.965ms
[9.243s][info][gc,marking  ] GC(15) Concurrent Cleanup for Next Mark
[9.243s][info][gc,marking  ] GC(15) Concurrent Cleanup for Next Mark 0.362ms
[9.243s][info][gc          ] GC(15) Concurrent Mark Cycle 28.725ms
[9.721s][info][gc,start    ] GC(16) Pause Young (Prepare Mixed) (G1 Evacuation Pause)
[9.721s][info][gc,task     ] GC(16) Using 18 workers of 18 for evacuation
[9.723s][info][gc,phases   ] GC(16)   Pre Evacuate Collection Set: 0.3ms
[9.723s][info][gc,phases   ] GC(16)   Merge Heap Roots: 0.1ms
[9.724s][info][gc,phases   ] GC(16)   Evacuate Collection Set: 1.0ms
[9.724s][info][gc,phases   ] GC(16)   Post Evacuate Collection Set: 0.9ms
[9.724s][info][gc,phases   ] GC(16)   Other: 0.1ms
[9.724s][info][gc,heap     ] GC(16) Eden regions: 3->0(560)
[9.724s][info][gc,heap     ] GC(16) Survivor regions: 1->1(2)
[9.724s][info][gc,heap     ] GC(16) Old regions: 16->16
[9.724s][info][gc,heap     ] GC(16) Humongous regions: 914->0
[9.724s][info][gc,metaspace] GC(16) Metaspace: 83266K(84416K)->83266K(84416K) NonClass: 73674K(74304K)->73674K(74304K) Class: 9592K(10112K)->9592K(10112K)
[9.724s][info][gc          ] GC(16) Pause Young (Prepare Mixed) (G1 Evacuation Pause) 3728M->60M(3740M) 2.931ms
[9.724s][info][gc,cpu      ] GC(16) User=0.01s Sys=0.01s Real=0.01s
[10.894s][info][gc,start    ] GC(17) Pause Young (Mixed) (Metadata GC Threshold)
[10.894s][info][gc,task     ] GC(17) Using 18 workers of 18 for evacuation
[10.906s][info][gc,phases   ] GC(17)   Pre Evacuate Collection Set: 0.4ms
[10.906s][info][gc,phases   ] GC(17)   Merge Heap Roots: 0.1ms
[10.906s][info][gc,phases   ] GC(17)   Evacuate Collection Set: 9.8ms
[10.906s][info][gc,phases   ] GC(17)   Post Evacuate Collection Set: 1.4ms
[10.906s][info][gc,phases   ] GC(17)   Other: 0.1ms
[10.906s][info][gc,heap     ] GC(17) Eden regions: 105->0(110)
[10.906s][info][gc,heap     ] GC(17) Survivor regions: 1->23(71)
[10.906s][info][gc,heap     ] GC(17) Old regions: 16->15
[10.906s][info][gc,heap     ] GC(17) Humongous regions: 23->8
[10.906s][info][gc,metaspace] GC(17) Metaspace: 135333K(136960K)->135333K(136960K) NonClass: 118945K(119872K)->118945K(119872K) Class: 16387K(17088K)->16387K(17088K)
[10.906s][info][gc          ] GC(17) Pause Young (Mixed) (Metadata GC Threshold) 569M->178M(3740M) 12.397ms
[10.907s][info][gc,cpu      ] GC(17) User=0.15s Sys=0.02s Real=0.01s
[10.915s][info][gc,start    ] GC(18) Pause Young (Concurrent Start) (Metadata GC Threshold)
[10.915s][info][gc,task     ] GC(18) Using 18 workers of 18 for evacuation
[10.922s][info][gc,phases   ] GC(18)   Pre Evacuate Collection Set: 0.3ms
[10.922s][info][gc,phases   ] GC(18)   Merge Heap Roots: 0.1ms
[10.922s][info][gc,phases   ] GC(18)   Evacuate Collection Set: 6.2ms
[10.923s][info][gc,phases   ] GC(18)   Post Evacuate Collection Set: 0.6ms
[10.923s][info][gc,phases   ] GC(18)   Other: 0.1ms
[10.923s][info][gc,heap     ] GC(18) Eden regions: 11->0(255)
[10.923s][info][gc,heap     ] GC(18) Survivor regions: 23->3(16)
[10.923s][info][gc,heap     ] GC(18) Old regions: 15->38
[10.923s][info][gc,heap     ] GC(18) Humongous regions: 8->8
[10.923s][info][gc,metaspace] GC(18) Metaspace: 135681K(137280K)->135681K(137280K) NonClass: 119230K(120192K)->119230K(120192K) Class: 16451K(17088K)->16451K(17088K)
[10.923s][info][gc          ] GC(18) Pause Young (Concurrent Start) (Metadata GC Threshold) 219M->190M(3740M) 7.814ms
[10.923s][info][gc          ] GC(19) Concurrent Mark Cycle
[10.923s][info][gc,marking  ] GC(19) Concurrent Scan Root Regions
[10.923s][info][gc,cpu      ] GC(18) User=0.08s Sys=0.01s Real=0.01s
[10.928s][info][gc,marking  ] GC(19) Concurrent Scan Root Regions 4.644ms
[10.928s][info][gc,marking  ] GC(19) Concurrent Mark
[10.928s][info][gc,marking  ] GC(19) Concurrent Mark From Roots
[10.928s][info][gc,task     ] GC(19) Using 5 workers of 5 for marking
[10.937s][info][gc,marking  ] GC(19) Concurrent Mark From Roots 9.239ms
[10.937s][info][gc,marking  ] GC(19) Concurrent Preclean
[10.937s][info][gc,marking  ] GC(19) Concurrent Preclean 0.167ms
[10.937s][info][gc,start    ] GC(19) Pause Remark
[10.941s][info][gc          ] GC(19) Pause Remark 207M->207M(656M) 3.971ms
[10.941s][info][gc,cpu      ] GC(19) User=0.04s Sys=0.00s Real=0.00s
[10.942s][info][gc,marking  ] GC(19) Concurrent Mark 14.010ms
[10.942s][info][gc,marking  ] GC(19) Concurrent Rebuild Remembered Sets and Scrub Regions
[10.954s][info][gc,marking  ] GC(19) Concurrent Rebuild Remembered Sets and Scrub Regions 12.573ms
[10.955s][info][gc,start    ] GC(19) Pause Cleanup
[10.956s][info][gc          ] GC(19) Pause Cleanup 215M->215M(656M) 0.217ms
[10.956s][info][gc,cpu      ] GC(19) User=0.00s Sys=0.00s Real=0.00s
[10.956s][info][gc,marking  ] GC(19) Concurrent Clear Claimed Marks
[10.956s][info][gc,marking  ] GC(19) Concurrent Clear Claimed Marks 0.237ms
[10.956s][info][gc,marking  ] GC(19) Concurrent Cleanup for Next Mark
[10.957s][info][gc,marking  ] GC(19) Concurrent Cleanup for Next Mark 0.777ms
[10.957s][info][gc          ] GC(19) Concurrent Mark Cycle 34.137ms
[12.396s][info][gc,start    ] GC(20) Pause Young (Prepare Mixed) (G1 Evacuation Pause)
[12.396s][info][gc,task     ] GC(20) Using 18 workers of 18 for evacuation
[12.400s][info][gc,phases   ] GC(20)   Pre Evacuate Collection Set: 0.2ms
[12.400s][info][gc,phases   ] GC(20)   Merge Heap Roots: 0.2ms
[12.400s][info][gc,phases   ] GC(20)   Evacuate Collection Set: 2.6ms
[12.400s][info][gc,phases   ] GC(20)   Post Evacuate Collection Set: 0.9ms
[12.400s][info][gc,phases   ] GC(20)   Other: 0.1ms
[12.400s][info][gc,heap     ] GC(20) Eden regions: 95->0(76)
[12.400s][info][gc,heap     ] GC(20) Survivor regions: 3->7(13)
[12.400s][info][gc,heap     ] GC(20) Old regions: 38->38
[12.400s][info][gc,heap     ] GC(20) Humongous regions: 23->12
[12.400s][info][gc,metaspace] GC(20) Metaspace: 155390K(157120K)->155390K(157120K) NonClass: 136472K(137472K)->136472K(137472K) Class: 18918K(19648K)->18918K(19648K)
[12.400s][info][gc          ] GC(20) Pause Young (Prepare Mixed) (G1 Evacuation Pause) 630M->222M(664M) 4.535ms
[12.400s][info][gc,cpu      ] GC(20) User=0.04s Sys=0.00s Real=0.00s
[13.925s][info][gc,start    ] GC(21) Pause Young (Mixed) (G1 Evacuation Pause)
[13.925s][info][gc,task     ] GC(21) Using 18 workers of 18 for evacuation
[13.929s][info][gc,phases   ] GC(21)   Pre Evacuate Collection Set: 0.2ms
[13.929s][info][gc,phases   ] GC(21)   Merge Heap Roots: 0.1ms
[13.929s][info][gc,phases   ] GC(21)   Evacuate Collection Set: 2.7ms
[13.929s][info][gc,phases   ] GC(21)   Post Evacuate Collection Set: 0.8ms
[13.929s][info][gc,phases   ] GC(21)   Other: 0.1ms
[13.929s][info][gc,heap     ] GC(21) Eden regions: 76->0(82)
[13.929s][info][gc,heap     ] GC(21) Survivor regions: 7->3(11)
[13.929s][info][gc,heap     ] GC(21) Old regions: 38->42
[13.929s][info][gc,heap     ] GC(21) Humongous regions: 13->12
[13.929s][info][gc,metaspace] GC(21) Metaspace: 158719K(160576K)->158719K(160576K) NonClass: 139416K(140480K)->139416K(140480K) Class: 19303K(20096K)->19303K(20096K)
[13.929s][info][gc          ] GC(21) Pause Young (Mixed) (G1 Evacuation Pause) 530M->223M(664M) 4.466ms
[13.929s][info][gc,cpu      ] GC(21) User=0.04s Sys=0.00s Real=0.00s
[14.674s][info][gc,start    ] GC(22) Pause Young (Concurrent Start) (G1 Evacuation Pause)
[14.675s][info][gc,task     ] GC(22) Using 18 workers of 18 for evacuation
[14.678s][info][gc,phases   ] GC(22)   Pre Evacuate Collection Set: 0.2ms
[14.678s][info][gc,phases   ] GC(22)   Merge Heap Roots: 0.2ms
[14.678s][info][gc,phases   ] GC(22)   Evacuate Collection Set: 2.4ms
[14.678s][info][gc,phases   ] GC(22)   Post Evacuate Collection Set: 0.7ms
[14.678s][info][gc,phases   ] GC(22)   Other: 0.1ms
[14.678s][info][gc,heap     ] GC(22) Eden regions: 82->0(84)
[14.679s][info][gc,heap     ] GC(22) Survivor regions: 3->5(11)
[14.679s][info][gc,heap     ] GC(22) Old regions: 42->42
[14.679s][info][gc,heap     ] GC(22) Humongous regions: 12->12
[14.679s][info][gc,metaspace] GC(22) Metaspace: 162334K(164160K)->162334K(164160K) NonClass: 142569K(143616K)->142569K(143616K) Class: 19764K(20544K)->19764K(20544K)
[14.679s][info][gc          ] GC(22) Pause Young (Concurrent Start) (G1 Evacuation Pause) 551M->230M(664M) 4.228ms
[14.679s][info][gc          ] GC(23) Concurrent Mark Cycle
[14.679s][info][gc,marking  ] GC(23) Concurrent Scan Root Regions
[14.679s][info][gc,cpu      ] GC(22) User=0.04s Sys=0.00s Real=0.00s
[14.681s][info][gc,marking  ] GC(23) Concurrent Scan Root Regions 2.654ms
[14.681s][info][gc,marking  ] GC(23) Concurrent Mark
[14.682s][info][gc,marking  ] GC(23) Concurrent Mark From Roots
[14.682s][info][gc,task     ] GC(23) Using 5 workers of 5 for marking
[14.699s][info][gc,marking  ] GC(23) Concurrent Mark From Roots 17.550ms
[14.699s][info][gc,marking  ] GC(23) Concurrent Preclean
[14.699s][info][gc,marking  ] GC(23) Concurrent Preclean 0.308ms
[14.700s][info][gc,start    ] GC(23) Pause Remark
[14.720s][info][gc          ] GC(23) Pause Remark 241M->205M(664M) 20.860ms
[14.721s][info][gc,cpu      ] GC(23) User=0.31s Sys=0.00s Real=0.02s
[14.721s][info][gc,marking  ] GC(23) Concurrent Mark 39.178ms
[14.721s][info][gc,marking  ] GC(23) Concurrent Rebuild Remembered Sets and Scrub Regions
[14.735s][info][gc,marking  ] GC(23) Concurrent Rebuild Remembered Sets and Scrub Regions 14.114ms
[14.735s][info][gc,start    ] GC(23) Pause Cleanup
[14.735s][info][gc          ] GC(23) Pause Cleanup 215M->215M(664M) 0.220ms
[14.735s][info][gc,cpu      ] GC(23) User=0.00s Sys=0.00s Real=0.00s
[14.735s][info][gc,marking  ] GC(23) Concurrent Clear Claimed Marks
[14.736s][info][gc,marking  ] GC(23) Concurrent Clear Claimed Marks 0.222ms
[14.736s][info][gc,marking  ] GC(23) Concurrent Cleanup for Next Mark
[14.736s][info][gc,marking  ] GC(23) Concurrent Cleanup for Next Mark 0.161ms
[14.736s][info][gc          ] GC(23) Concurrent Mark Cycle 57.180ms
[15.779s][info][gc,start    ] GC(24) Pause Young (Prepare Mixed) (G1 Evacuation Pause)
[15.779s][info][gc,task     ] GC(24) Using 18 workers of 18 for evacuation
[15.784s][info][gc,phases   ] GC(24)   Pre Evacuate Collection Set: 0.2ms
[15.784s][info][gc,phases   ] GC(24)   Merge Heap Roots: 0.1ms
[15.784s][info][gc,phases   ] GC(24)   Evacuate Collection Set: 3.6ms
[15.784s][info][gc,phases   ] GC(24)   Post Evacuate Collection Set: 1.1ms
[15.784s][info][gc,phases   ] GC(24)   Other: 0.1ms
[15.784s][info][gc,heap     ] GC(24) Eden regions: 84->0(90)
[15.784s][info][gc,heap     ] GC(24) Survivor regions: 5->9(12)
[15.784s][info][gc,heap     ] GC(24) Old regions: 42->42
[15.784s][info][gc,heap     ] GC(24) Humongous regions: 3->3
[15.784s][info][gc,metaspace] GC(24) Metaspace: 172614K(174784K)->172614K(174784K) NonClass: 151685K(152896K)->151685K(152896K) Class: 20929K(21888K)->20929K(21888K)
[15.784s][info][gc          ] GC(24) Pause Young (Prepare Mixed) (G1 Evacuation Pause) 530M->211M(664M) 5.819ms
[15.784s][info][gc,cpu      ] GC(24) User=0.06s Sys=0.00s Real=0.01s
[17.143s][info][gc,start    ] GC(25) Pause Young (Mixed) (G1 Evacuation Pause)
[17.143s][info][gc,task     ] GC(25) Using 18 workers of 18 for evacuation
[17.150s][info][gc,phases   ] GC(25)   Pre Evacuate Collection Set: 0.2ms
[17.150s][info][gc,phases   ] GC(25)   Merge Heap Roots: 0.2ms
[17.150s][info][gc,phases   ] GC(25)   Evacuate Collection Set: 5.6ms
[17.150s][info][gc,phases   ] GC(25)   Post Evacuate Collection Set: 1.2ms
[17.150s][info][gc,phases   ] GC(25)   Other: 0.1ms
[17.150s][info][gc,heap     ] GC(25) Eden regions: 90->0(85)
[17.150s][info][gc,heap     ] GC(25) Survivor regions: 9->13(13)
[17.150s][info][gc,heap     ] GC(25) Old regions: 42->42
[17.150s][info][gc,heap     ] GC(25) Humongous regions: 3->3
[17.150s][info][gc,metaspace] GC(25) Metaspace: 178058K(180224K)->178058K(180224K) NonClass: 156497K(157760K)->156497K(157760K) Class: 21560K(22464K)->21560K(22464K)
[17.150s][info][gc          ] GC(25) Pause Young (Mixed) (G1 Evacuation Pause) 571M->228M(664M) 7.884ms
[17.151s][info][gc,cpu      ] GC(25) User=0.10s Sys=0.00s Real=0.00s
[17.468s][info][gc,start    ] GC(26) Pause Young (Concurrent Start) (GCLocker Initiated GC)
[17.469s][info][gc,task     ] GC(26) Using 18 workers of 18 for evacuation
[17.477s][info][gc,phases   ] GC(26)   Pre Evacuate Collection Set: 0.2ms
[17.477s][info][gc,phases   ] GC(26)   Merge Heap Roots: 0.1ms
[17.477s][info][gc,phases   ] GC(26)   Evacuate Collection Set: 7.1ms
[17.477s][info][gc,phases   ] GC(26)   Post Evacuate Collection Set: 0.9ms
[17.477s][info][gc,phases   ] GC(26)   Other: 0.1ms
[17.477s][info][gc,heap     ] GC(26) Eden regions: 85->0(63)
[17.477s][info][gc,heap     ] GC(26) Survivor regions: 13->13(13)
[17.477s][info][gc,heap     ] GC(26) Old regions: 42->63
[17.478s][info][gc,heap     ] GC(26) Humongous regions: 3->3
[17.478s][info][gc,metaspace] GC(26) Metaspace: 178149K(180352K)->178149K(180352K) NonClass: 156587K(157824K)->156587K(157824K) Class: 21561K(22528K)->21561K(22528K)
[17.478s][info][gc          ] GC(26) Pause Young (Concurrent Start) (GCLocker Initiated GC) 568M->311M(708M) 9.216ms
[17.478s][info][gc,cpu      ] GC(26) User=0.11s Sys=0.00s Real=0.01s
[17.478s][info][gc          ] GC(27) Concurrent Mark Cycle
[17.478s][info][gc,marking  ] GC(27) Concurrent Scan Root Regions
[17.485s][info][gc,marking  ] GC(27) Concurrent Scan Root Regions 6.997ms
[17.485s][info][gc,marking  ] GC(27) Concurrent Mark
[17.486s][info][gc,marking  ] GC(27) Concurrent Mark From Roots
[17.486s][info][gc,task     ] GC(27) Using 5 workers of 5 for marking
[17.507s][info][gc,marking  ] GC(27) Concurrent Mark From Roots 21.710ms
[17.507s][info][gc,marking  ] GC(27) Concurrent Preclean
[17.508s][info][gc,marking  ] GC(27) Concurrent Preclean 0.412ms
[17.508s][info][gc,start    ] GC(27) Pause Remark
[17.517s][info][gc          ] GC(27) Pause Remark 362M->362M(708M) 8.246ms
[17.517s][info][gc,cpu      ] GC(27) User=0.07s Sys=0.00s Real=0.01s
[17.517s][info][gc,marking  ] GC(27) Concurrent Mark 31.565ms
[17.517s][info][gc,marking  ] GC(27) Concurrent Rebuild Remembered Sets and Scrub Regions
[17.548s][info][gc,marking  ] GC(27) Concurrent Rebuild Remembered Sets and Scrub Regions 31.274ms
[17.552s][info][gc,start    ] GC(27) Pause Cleanup
[17.552s][info][gc          ] GC(27) Pause Cleanup 427M->427M(708M) 0.285ms
[17.552s][info][gc,cpu      ] GC(27) User=0.00s Sys=0.00s Real=0.00s
[17.554s][info][gc,marking  ] GC(27) Concurrent Clear Claimed Marks
[17.558s][info][gc,marking  ] GC(27) Concurrent Clear Claimed Marks 3.890ms
[17.558s][info][gc,marking  ] GC(27) Concurrent Cleanup for Next Mark
[17.558s][info][gc,marking  ] GC(27) Concurrent Cleanup for Next Mark 0.226ms
[17.558s][info][gc          ] GC(27) Concurrent Mark Cycle 80.429ms
[17.669s][info][gc,start    ] GC(28) Pause Young (Prepare Mixed) (G1 Evacuation Pause)
[17.669s][info][gc,task     ] GC(28) Using 18 workers of 18 for evacuation
[17.675s][info][gc,phases   ] GC(28)   Pre Evacuate Collection Set: 0.2ms
[17.675s][info][gc,phases   ] GC(28)   Merge Heap Roots: 0.3ms
[17.675s][info][gc,phases   ] GC(28)   Evacuate Collection Set: 4.8ms
[17.675s][info][gc,phases   ] GC(28)   Post Evacuate Collection Set: 0.7ms
[17.675s][info][gc,phases   ] GC(28)   Other: 0.1ms
[17.675s][info][gc,heap     ] GC(28) Eden regions: 63->0(41)
[17.675s][info][gc,heap     ] GC(28) Survivor regions: 13->10(10)
[17.675s][info][gc,heap     ] GC(28) Old regions: 63->91
[17.675s][info][gc,heap     ] GC(28) Humongous regions: 3->3
[17.675s][info][gc,metaspace] GC(28) Metaspace: 178190K(180416K)->178190K(180416K) NonClass: 156628K(157888K)->156628K(157888K) Class: 21561K(22528K)->21561K(22528K)
[17.675s][info][gc          ] GC(28) Pause Young (Prepare Mixed) (G1 Evacuation Pause) 563M->415M(720M) 6.843ms
[17.676s][info][gc,cpu      ] GC(28) User=0.08s Sys=0.01s Real=0.01s
[17.829s][info][gc,start    ] GC(29) Pause Young (Mixed) (G1 Evacuation Pause)
[17.830s][info][gc,task     ] GC(29) Using 18 workers of 18 for evacuation
[17.835s][info][gc,phases   ] GC(29)   Pre Evacuate Collection Set: 0.2ms
[17.835s][info][gc,phases   ] GC(29)   Merge Heap Roots: 0.3ms
[17.835s][info][gc,phases   ] GC(29)   Evacuate Collection Set: 4.1ms
[17.835s][info][gc,phases   ] GC(29)   Post Evacuate Collection Set: 0.7ms
[17.835s][info][gc,phases   ] GC(29)   Other: 0.1ms
[17.835s][info][gc,heap     ] GC(29) Eden regions: 41->0(33)
[17.835s][info][gc,heap     ] GC(29) Survivor regions: 10->7(7)
[17.835s][info][gc,heap     ] GC(29) Old regions: 91->107
[17.835s][info][gc,heap     ] GC(29) Humongous regions: 3->3
[17.835s][info][gc,metaspace] GC(29) Metaspace: 178212K(180416K)->178212K(180416K) NonClass: 156650K(157888K)->156650K(157888K) Class: 21561K(22528K)->21561K(22528K)
[17.835s][info][gc          ] GC(29) Pause Young (Mixed) (G1 Evacuation Pause) 579M->464M(720M) 5.954ms
[17.835s][info][gc,cpu      ] GC(29) User=0.08s Sys=0.00s Real=0.01s
[17.930s][info][gc,start    ] GC(30) Pause Young (Concurrent Start) (G1 Evacuation Pause)
[17.931s][info][gc,task     ] GC(30) Using 18 workers of 18 for evacuation
[17.935s][info][gc,phases   ] GC(30)   Pre Evacuate Collection Set: 0.2ms
[17.935s][info][gc,phases   ] GC(30)   Merge Heap Roots: 0.3ms
[17.935s][info][gc,phases   ] GC(30)   Evacuate Collection Set: 3.3ms
[17.935s][info][gc,phases   ] GC(30)   Post Evacuate Collection Set: 0.6ms
[17.935s][info][gc,phases   ] GC(30)   Other: 0.1ms
[17.935s][info][gc,heap     ] GC(30) Eden regions: 33->0(28)
[17.935s][info][gc,heap     ] GC(30) Survivor regions: 7->5(5)
[17.935s][info][gc,heap     ] GC(30) Old regions: 107->119
[17.935s][info][gc,heap     ] GC(30) Humongous regions: 3->3
[17.935s][info][gc,metaspace] GC(30) Metaspace: 178260K(180480K)->178260K(180480K) NonClass: 156698K(157952K)->156698K(157952K) Class: 21561K(22528K)->21561K(22528K)
[17.935s][info][gc          ] GC(30) Pause Young (Concurrent Start) (G1 Evacuation Pause) 596M->506M(720M) 5.061ms
[17.936s][info][gc          ] GC(31) Concurrent Mark Cycle
[17.936s][info][gc,marking  ] GC(31) Concurrent Scan Root Regions
[17.936s][info][gc,cpu      ] GC(30) User=0.05s Sys=0.00s Real=0.01s
[17.938s][info][gc,marking  ] GC(31) Concurrent Scan Root Regions 2.361ms
[17.938s][info][gc,marking  ] GC(31) Concurrent Mark
[17.938s][info][gc,marking  ] GC(31) Concurrent Mark From Roots
[17.938s][info][gc,task     ] GC(31) Using 5 workers of 5 for marking
[17.967s][info][gc,marking  ] GC(31) Concurrent Mark From Roots 29.038ms
[17.967s][info][gc,marking  ] GC(31) Concurrent Preclean
[17.968s][info][gc,marking  ] GC(31) Concurrent Preclean 0.581ms
[17.968s][info][gc,start    ] GC(31) Pause Remark
[17.998s][info][gc          ] GC(31) Pause Remark 544M->544M(848M) 29.364ms
[17.998s][info][gc,cpu      ] GC(31) User=0.47s Sys=0.00s Real=0.03s
[17.998s][info][gc,marking  ] GC(31) Concurrent Mark 60.074ms
[17.998s][info][gc,marking  ] GC(31) Concurrent Rebuild Remembered Sets and Scrub Regions
[18.039s][info][gc,marking  ] GC(31) Concurrent Rebuild Remembered Sets and Scrub Regions 40.773ms
[18.039s][info][gc,start    ] GC(31) Pause Cleanup
[18.040s][info][gc          ] GC(31) Pause Cleanup 588M->588M(848M) 0.288ms
[18.040s][info][gc,cpu      ] GC(31) User=0.00s Sys=0.01s Real=0.00s
[18.040s][info][gc,marking  ] GC(31) Concurrent Clear Claimed Marks
[18.040s][info][gc,marking  ] GC(31) Concurrent Clear Claimed Marks 0.462ms
[18.040s][info][gc,marking  ] GC(31) Concurrent Cleanup for Next Mark
[18.041s][info][gc,marking  ] GC(31) Concurrent Cleanup for Next Mark 0.477ms
[18.041s][info][gc          ] GC(31) Concurrent Mark Cycle 105.236ms
[18.062s][info][gc,start    ] GC(32) Pause Young (Prepare Mixed) (G1 Evacuation Pause)
[18.062s][info][gc,task     ] GC(32) Using 18 workers of 18 for evacuation
[18.066s][info][gc,phases   ] GC(32)   Pre Evacuate Collection Set: 0.2ms
[18.066s][info][gc,phases   ] GC(32)   Merge Heap Roots: 0.4ms
[18.066s][info][gc,phases   ] GC(32)   Evacuate Collection Set: 2.8ms
[18.066s][info][gc,phases   ] GC(32)   Post Evacuate Collection Set: 0.6ms
[18.066s][info][gc,phases   ] GC(32)   Other: 0.1ms
[18.066s][info][gc,heap     ] GC(32) Eden regions: 28->0(40)
[18.066s][info][gc,heap     ] GC(32) Survivor regions: 5->5(5)
[18.066s][info][gc,heap     ] GC(32) Old regions: 119->130
[18.066s][info][gc,heap     ] GC(32) Humongous regions: 3->3
[18.066s][info][gc,metaspace] GC(32) Metaspace: 178147K(180480K)->178147K(180480K) NonClass: 156625K(157952K)->156625K(157952K) Class: 21522K(22528K)->21522K(22528K)
[18.067s][info][gc          ] GC(32) Pause Young (Prepare Mixed) (G1 Evacuation Pause) 618M->549M(848M) 4.775ms
[18.067s][info][gc,cpu      ] GC(32) User=0.06s Sys=0.00s Real=0.01s
[18.182s][info][gc,start    ] GC(33) Pause Young (Mixed) (G1 Evacuation Pause)
[18.182s][info][gc,task     ] GC(33) Using 18 workers of 18 for evacuation
[18.187s][info][gc,phases   ] GC(33)   Pre Evacuate Collection Set: 0.2ms
[18.187s][info][gc,phases   ] GC(33)   Merge Heap Roots: 0.4ms
[18.187s][info][gc,phases   ] GC(33)   Evacuate Collection Set: 4.2ms
[18.187s][info][gc,phases   ] GC(33)   Post Evacuate Collection Set: 0.7ms
[18.187s][info][gc,phases   ] GC(33)   Other: 0.1ms
[18.187s][info][gc,heap     ] GC(33) Eden regions: 40->0(39)
[18.187s][info][gc,heap     ] GC(33) Survivor regions: 5->6(6)
[18.188s][info][gc,heap     ] GC(33) Old regions: 130->129
[18.188s][info][gc,heap     ] GC(33) Humongous regions: 3->3
[18.188s][info][gc,metaspace] GC(33) Metaspace: 178182K(180480K)->178182K(180480K) NonClass: 156659K(157952K)->156659K(157952K) Class: 21523K(22528K)->21523K(22528K)
[18.188s][info][gc          ] GC(33) Pause Young (Mixed) (G1 Evacuation Pause) 709M->549M(848M) 6.001ms
[18.188s][info][gc,cpu      ] GC(33) User=0.07s Sys=0.00s Real=0.01s
[18.298s][info][gc,start    ] GC(34) Pause Young (Mixed) (G1 Evacuation Pause)
[18.299s][info][gc,task     ] GC(34) Using 18 workers of 18 for evacuation
[18.304s][info][gc,phases   ] GC(34)   Pre Evacuate Collection Set: 0.2ms
[18.304s][info][gc,phases   ] GC(34)   Merge Heap Roots: 0.3ms
[18.304s][info][gc,phases   ] GC(34)   Evacuate Collection Set: 3.6ms
[18.304s][info][gc,phases   ] GC(34)   Post Evacuate Collection Set: 0.9ms
[18.304s][info][gc,phases   ] GC(34)   Other: 0.1ms
[18.304s][info][gc,heap     ] GC(34) Eden regions: 39->0(109)
[18.304s][info][gc,heap     ] GC(34) Survivor regions: 6->6(6)
[18.304s][info][gc,heap     ] GC(34) Old regions: 129->144
[18.304s][info][gc,heap     ] GC(34) Humongous regions: 3->3
[18.304s][info][gc,metaspace] GC(34) Metaspace: 178203K(180480K)->178203K(180480K) NonClass: 156680K(157952K)->156680K(157952K) Class: 21523K(22528K)->21523K(22528K)
[18.304s][info][gc          ] GC(34) Pause Young (Mixed) (G1 Evacuation Pause) 705M->610M(1364M) 5.793ms
[18.304s][info][gc,cpu      ] GC(34) User=0.07s Sys=0.01s Real=0.01s
[18.618s][info][gc,start    ] GC(35) Pause Young (Concurrent Start) (G1 Evacuation Pause)
[18.618s][info][gc,task     ] GC(35) Using 18 workers of 18 for evacuation
[18.629s][info][gc,phases   ] GC(35)   Pre Evacuate Collection Set: 0.2ms
[18.629s][info][gc,phases   ] GC(35)   Merge Heap Roots: 0.5ms
[18.629s][info][gc,phases   ] GC(35)   Evacuate Collection Set: 9.9ms
[18.629s][info][gc,phases   ] GC(35)   Post Evacuate Collection Set: 0.7ms
[18.629s][info][gc,phases   ] GC(35)   Other: 0.1ms
[18.629s][info][gc,heap     ] GC(35) Eden regions: 109->0(79)
[18.629s][info][gc,heap     ] GC(35) Survivor regions: 6->15(15)
[18.629s][info][gc,heap     ] GC(35) Old regions: 144->177
[18.629s][info][gc,heap     ] GC(35) Humongous regions: 3->3
[18.629s][info][gc,metaspace] GC(35) Metaspace: 178258K(180544K)->178258K(180544K) NonClass: 156732K(158016K)->156732K(158016K) Class: 21525K(22528K)->21525K(22528K)
[18.630s][info][gc          ] GC(35) Pause Young (Concurrent Start) (G1 Evacuation Pause) 1046M->776M(1364M) 12.048ms
[18.630s][info][gc          ] GC(36) Concurrent Mark Cycle
[18.630s][info][gc,marking  ] GC(36) Concurrent Scan Root Regions
[18.630s][info][gc,cpu      ] GC(35) User=0.11s Sys=0.07s Real=0.01s
[18.634s][info][gc,marking  ] GC(36) Concurrent Scan Root Regions 4.207ms
[18.634s][info][gc,marking  ] GC(36) Concurrent Mark
[18.634s][info][gc,marking  ] GC(36) Concurrent Mark From Roots
[18.634s][info][gc,task     ] GC(36) Using 5 workers of 5 for marking
[18.668s][info][gc,marking  ] GC(36) Concurrent Mark From Roots 33.542ms
[18.668s][info][gc,marking  ] GC(36) Concurrent Preclean
[18.668s][info][gc,marking  ] GC(36) Concurrent Preclean 0.552ms
[18.670s][info][gc,start    ] GC(36) Pause Remark
[18.675s][info][gc          ] GC(36) Pause Remark 833M->829M(1364M) 5.193ms
[18.675s][info][gc,cpu      ] GC(36) User=0.05s Sys=0.01s Real=0.01s
[18.675s][info][gc,marking  ] GC(36) Concurrent Mark 41.035ms
[18.675s][info][gc,marking  ] GC(36) Concurrent Rebuild Remembered Sets and Scrub Regions
[18.726s][info][gc,marking  ] GC(36) Concurrent Rebuild Remembered Sets and Scrub Regions 51.330ms
[18.727s][info][gc,start    ] GC(36) Pause Cleanup
[18.728s][info][gc          ] GC(36) Pause Cleanup 892M->892M(1364M) 0.316ms
[18.728s][info][gc,cpu      ] GC(36) User=0.00s Sys=0.00s Real=0.00s
[18.728s][info][gc,marking  ] GC(36) Concurrent Clear Claimed Marks
[18.728s][info][gc,marking  ] GC(36) Concurrent Clear Claimed Marks 0.399ms
[18.728s][info][gc,marking  ] GC(36) Concurrent Cleanup for Next Mark
[18.729s][info][gc,marking  ] GC(36) Concurrent Cleanup for Next Mark 0.744ms
[18.729s][info][gc          ] GC(36) Concurrent Mark Cycle 99.565ms
[18.898s][info][gc,start    ] GC(37) Pause Young (Prepare Mixed) (G1 Evacuation Pause)
[18.898s][info][gc,task     ] GC(37) Using 18 workers of 18 for evacuation
[18.910s][info][gc,phases   ] GC(37)   Pre Evacuate Collection Set: 0.2ms
[18.910s][info][gc,phases   ] GC(37)   Merge Heap Roots: 0.4ms
[18.910s][info][gc,phases   ] GC(37)   Evacuate Collection Set: 10.7ms
[18.910s][info][gc,phases   ] GC(37)   Post Evacuate Collection Set: 0.8ms
[18.910s][info][gc,phases   ] GC(37)   Other: 0.1ms
[18.910s][info][gc,heap     ] GC(37) Eden regions: 79->0(65)
[18.910s][info][gc,heap     ] GC(37) Survivor regions: 15->12(12)
[18.910s][info][gc,heap     ] GC(37) Old regions: 176->203
[18.910s][info][gc,heap     ] GC(37) Humongous regions: 3->3
[18.910s][info][gc,metaspace] GC(37) Metaspace: 178306K(180544K)->178306K(180544K) NonClass: 156779K(158016K)->156779K(158016K) Class: 21527K(22528K)->21527K(22528K)
[18.910s][info][gc          ] GC(37) Pause Young (Prepare Mixed) (G1 Evacuation Pause) 1088M->870M(1364M) 12.871ms
[18.911s][info][gc,cpu      ] GC(37) User=0.09s Sys=0.10s Real=0.01s
[19.241s][info][gc,start    ] GC(38) Pause Young (Mixed) (G1 Evacuation Pause)
[19.241s][info][gc,task     ] GC(38) Using 18 workers of 18 for evacuation
[19.248s][info][gc,phases   ] GC(38)   Pre Evacuate Collection Set: 0.2ms
[19.249s][info][gc,phases   ] GC(38)   Merge Heap Roots: 0.5ms
[19.249s][info][gc,phases   ] GC(38)   Evacuate Collection Set: 6.2ms
[19.249s][info][gc,phases   ] GC(38)   Post Evacuate Collection Set: 0.7ms
[19.249s][info][gc,phases   ] GC(38)   Other: 0.1ms
[19.249s][info][gc,heap     ] GC(38) Eden regions: 65->0(76)
[19.249s][info][gc,heap     ] GC(38) Survivor regions: 12->10(10)
[19.249s][info][gc,heap     ] GC(38) Old regions: 203->190
[19.249s][info][gc,heap     ] GC(38) Humongous regions: 3->3
[19.249s][info][gc,metaspace] GC(38) Metaspace: 178359K(180544K)->178359K(180544K) NonClass: 156831K(158016K)->156831K(158016K) Class: 21527K(22528K)->21527K(22528K)
[19.249s][info][gc          ] GC(38) Pause Young (Mixed) (G1 Evacuation Pause) 1130M->809M(1364M) 8.338ms
[19.249s][info][gc,cpu      ] GC(38) User=0.10s Sys=0.01s Real=0.01s
[19.553s][info][gc,start    ] GC(39) Pause Young (Mixed) (G1 Evacuation Pause)
[19.553s][info][gc,task     ] GC(39) Using 18 workers of 18 for evacuation
[19.561s][info][gc,phases   ] GC(39)   Pre Evacuate Collection Set: 0.2ms
[19.561s][info][gc,phases   ] GC(39)   Merge Heap Roots: 0.5ms
[19.561s][info][gc,phases   ] GC(39)   Evacuate Collection Set: 6.5ms
[19.561s][info][gc,phases   ] GC(39)   Post Evacuate Collection Set: 0.7ms
[19.561s][info][gc,phases   ] GC(39)   Other: 0.1ms
[19.561s][info][gc,heap     ] GC(39) Eden regions: 76->0(81)
[19.561s][info][gc,heap     ] GC(39) Survivor regions: 10->11(11)
[19.561s][info][gc,heap     ] GC(39) Old regions: 190->187
[19.561s][info][gc,heap     ] GC(39) Humongous regions: 3->3
[19.562s][info][gc,metaspace] GC(39) Metaspace: 178851K(181056K)->178851K(181056K) NonClass: 157307K(158528K)->157307K(158528K) Class: 21543K(22528K)->21543K(22528K)
[19.562s][info][gc          ] GC(39) Pause Young (Mixed) (G1 Evacuation Pause) 1113M->801M(1364M) 8.681ms
[19.562s][info][gc,cpu      ] GC(39) User=0.12s Sys=0.00s Real=0.00s
[19.915s][info][gc,start    ] GC(40) Pause Young (Concurrent Start) (G1 Evacuation Pause)
[19.915s][info][gc,task     ] GC(40) Using 18 workers of 18 for evacuation
[19.922s][info][gc,phases   ] GC(40)   Pre Evacuate Collection Set: 0.3ms
[19.922s][info][gc,phases   ] GC(40)   Merge Heap Roots: 0.3ms
[19.922s][info][gc,phases   ] GC(40)   Evacuate Collection Set: 5.5ms
[19.922s][info][gc,phases   ] GC(40)   Post Evacuate Collection Set: 0.6ms
[19.922s][info][gc,phases   ] GC(40)   Other: 0.1ms
[19.922s][info][gc,heap     ] GC(40) Eden regions: 81->0(79)
[19.922s][info][gc,heap     ] GC(40) Survivor regions: 11->10(12)
[19.922s][info][gc,heap     ] GC(40) Old regions: 187->198
[19.922s][info][gc,heap     ] GC(40) Humongous regions: 3->3
[19.923s][info][gc,metaspace] GC(40) Metaspace: 178967K(181120K)->178967K(181120K) NonClass: 157423K(158592K)->157423K(158592K) Class: 21543K(22528K)->21543K(22528K)
[19.923s][info][gc          ] GC(40) Pause Young (Concurrent Start) (G1 Evacuation Pause) 1125M->840M(1364M) 7.533ms
[19.923s][info][gc          ] GC(41) Concurrent Mark Cycle
[19.923s][info][gc,marking  ] GC(41) Concurrent Scan Root Regions
[19.923s][info][gc,cpu      ] GC(40) User=0.10s Sys=0.00s Real=0.01s
[19.927s][info][gc,marking  ] GC(41) Concurrent Scan Root Regions 3.980ms
[19.927s][info][gc,marking  ] GC(41) Concurrent Mark
[19.927s][info][gc,marking  ] GC(41) Concurrent Mark From Roots
[19.927s][info][gc,task     ] GC(41) Using 5 workers of 5 for marking
[19.962s][info][gc,marking  ] GC(41) Concurrent Mark From Roots 35.068ms
[19.962s][info][gc,marking  ] GC(41) Concurrent Preclean
[19.963s][info][gc,marking  ] GC(41) Concurrent Preclean 0.593ms
[19.963s][info][gc,start    ] GC(41) Pause Remark
[19.968s][info][gc          ] GC(41) Pause Remark 889M->857M(1364M) 5.734ms
[19.969s][info][gc,cpu      ] GC(41) User=0.06s Sys=0.01s Real=0.00s
[19.969s][info][gc,marking  ] GC(41) Concurrent Mark 41.899ms
[19.969s][info][gc,marking  ] GC(41) Concurrent Rebuild Remembered Sets and Scrub Regions
[20.018s][info][gc,marking  ] GC(41) Concurrent Rebuild Remembered Sets and Scrub Regions 49.184ms
[20.018s][info][gc,start    ] GC(41) Pause Cleanup
[20.019s][info][gc          ] GC(41) Pause Cleanup 923M->923M(1364M) 0.347ms
[20.019s][info][gc,cpu      ] GC(41) User=0.00s Sys=0.00s Real=0.00s
[20.019s][info][gc,marking  ] GC(41) Concurrent Clear Claimed Marks
[20.019s][info][gc,marking  ] GC(41) Concurrent Clear Claimed Marks 0.356ms
[20.019s][info][gc,marking  ] GC(41) Concurrent Cleanup for Next Mark
[20.020s][info][gc,marking  ] GC(41) Concurrent Cleanup for Next Mark 0.224ms
[20.020s][info][gc          ] GC(41) Concurrent Mark Cycle 97.073ms
[20.138s][info][gc,start    ] GC(42) Pause Young (Prepare Mixed) (G1 Evacuation Pause)
[20.138s][info][gc,task     ] GC(42) Using 18 workers of 18 for evacuation
[20.147s][info][gc,phases   ] GC(42)   Pre Evacuate Collection Set: 0.3ms
[20.147s][info][gc,phases   ] GC(42)   Merge Heap Roots: 0.4ms
[20.147s][info][gc,phases   ] GC(42)   Evacuate Collection Set: 6.8ms
[20.147s][info][gc,phases   ] GC(42)   Post Evacuate Collection Set: 0.7ms
[20.147s][info][gc,phases   ] GC(42)   Other: 0.1ms
[20.147s][info][gc,heap     ] GC(42) Eden regions: 79->0(83)
[20.147s][info][gc,heap     ] GC(42) Survivor regions: 10->11(12)
[20.147s][info][gc,heap     ] GC(42) Old regions: 190->197
[20.147s][info][gc,heap     ] GC(42) Humongous regions: 3->3
[20.147s][info][gc,metaspace] GC(42) Metaspace: 179032K(181184K)->179032K(181184K) NonClass: 157488K(158656K)->157488K(158656K) Class: 21543K(22528K)->21543K(22528K)
[20.147s][info][gc          ] GC(42) Pause Young (Prepare Mixed) (G1 Evacuation Pause) 1124M->841M(1364M) 8.896ms
[20.147s][info][gc,cpu      ] GC(42) User=0.12s Sys=0.00s Real=0.01s
[20.376s][info][gc,start    ] GC(43) Pause Young (Mixed) (G1 Evacuation Pause)
[20.377s][info][gc,task     ] GC(43) Using 18 workers of 18 for evacuation
[20.383s][info][gc,phases   ] GC(43)   Pre Evacuate Collection Set: 0.2ms
[20.383s][info][gc,phases   ] GC(43)   Merge Heap Roots: 0.4ms
[20.383s][info][gc,phases   ] GC(43)   Evacuate Collection Set: 4.4ms
[20.383s][info][gc,phases   ] GC(43)   Post Evacuate Collection Set: 1.0ms
[20.383s][info][gc,phases   ] GC(43)   Other: 0.1ms
[20.383s][info][gc,heap     ] GC(43) Eden regions: 83->0(109)
[20.383s][info][gc,heap     ] GC(43) Survivor regions: 11->7(12)
[20.383s][info][gc,heap     ] GC(43) Old regions: 197->170
[20.383s][info][gc,heap     ] GC(43) Humongous regions: 3->3
[20.383s][info][gc,metaspace] GC(43) Metaspace: 179075K(181248K)->179075K(181248K) NonClass: 157531K(158720K)->157531K(158720K) Class: 21543K(22528K)->21543K(22528K)
[20.383s][info][gc          ] GC(43) Pause Young (Mixed) (G1 Evacuation Pause) 1173M->714M(1364M) 6.742ms
[20.383s][info][gc,cpu      ] GC(43) User=0.08s Sys=0.00s Real=0.01s
[20.633s][info][gc,start    ] GC(44) Pause Young (Mixed) (G1 Evacuation Pause)
[20.633s][info][gc,task     ] GC(44) Using 18 workers of 18 for evacuation
[20.639s][info][gc,phases   ] GC(44)   Pre Evacuate Collection Set: 0.2ms
[20.639s][info][gc,phases   ] GC(44)   Merge Heap Roots: 0.3ms
[20.639s][info][gc,phases   ] GC(44)   Evacuate Collection Set: 4.4ms
[20.639s][info][gc,phases   ] GC(44)   Post Evacuate Collection Set: 1.1ms
[20.639s][info][gc,phases   ] GC(44)   Other: 0.1ms
[20.639s][info][gc,heap     ] GC(44) Eden regions: 109->0(132)
[20.639s][info][gc,heap     ] GC(44) Survivor regions: 7->8(15)
[20.639s][info][gc,heap     ] GC(44) Old regions: 170->143
[20.639s][info][gc,heap     ] GC(44) Humongous regions: 3->3
[20.639s][info][gc,metaspace] GC(44) Metaspace: 179154K(181312K)->179154K(181312K) NonClass: 157598K(158784K)->157598K(158784K) Class: 21556K(22528K)->21556K(22528K)
[20.639s][info][gc          ] GC(44) Pause Young (Mixed) (G1 Evacuation Pause) 1150M->612M(1364M) 6.821ms
[20.639s][info][gc,cpu      ] GC(44) User=0.08s Sys=0.00s Real=0.00s
[20.913s][info][gc,start    ] GC(45) Pause Young (Mixed) (G1 Evacuation Pause)
[20.914s][info][gc,task     ] GC(45) Using 18 workers of 18 for evacuation
[20.921s][info][gc,phases   ] GC(45)   Pre Evacuate Collection Set: 0.2ms
[20.921s][info][gc,phases   ] GC(45)   Merge Heap Roots: 0.3ms
[20.921s][info][gc,phases   ] GC(45)   Evacuate Collection Set: 6.3ms
[20.921s][info][gc,phases   ] GC(45)   Post Evacuate Collection Set: 0.8ms
[20.922s][info][gc,phases   ] GC(45)   Other: 0.1ms
[20.922s][info][gc,heap     ] GC(45) Eden regions: 132->0(167)
[20.922s][info][gc,heap     ] GC(45) Survivor regions: 8->11(18)
[20.922s][info][gc,heap     ] GC(45) Old regions: 143->123
[20.922s][info][gc,heap     ] GC(45) Humongous regions: 3->3
[20.922s][info][gc,metaspace] GC(45) Metaspace: 179189K(181312K)->179189K(181312K) NonClass: 157630K(158784K)->157630K(158784K) Class: 21559K(22528K)->21559K(22528K)
[20.922s][info][gc          ] GC(45) Pause Young (Mixed) (G1 Evacuation Pause) 1140M->543M(1364M) 8.315ms
[20.922s][info][gc,cpu      ] GC(45) User=0.11s Sys=0.00s Real=0.00s
[21.329s][info][gc,start    ] GC(46) Pause Young (Concurrent Start) (G1 Evacuation Pause)
[21.329s][info][gc,task     ] GC(46) Using 18 workers of 18 for evacuation
[21.334s][info][gc,phases   ] GC(46)   Pre Evacuate Collection Set: 0.2ms
[21.334s][info][gc,phases   ] GC(46)   Merge Heap Roots: 0.3ms
[21.334s][info][gc,phases   ] GC(46)   Evacuate Collection Set: 3.8ms
[21.334s][info][gc,phases   ] GC(46)   Post Evacuate Collection Set: 0.7ms
[21.334s][info][gc,phases   ] GC(46)   Other: 0.1ms
[21.334s][info][gc,heap     ] GC(46) Eden regions: 167->0(175)
[21.334s][info][gc,heap     ] GC(46) Survivor regions: 11->9(23)
[21.334s][info][gc,heap     ] GC(46) Old regions: 123->123
[21.334s][info][gc,heap     ] GC(46) Humongous regions: 3->3
[21.334s][info][gc,metaspace] GC(46) Metaspace: 179361K(181568K)->179361K(181568K) NonClass: 157800K(159040K)->157800K(159040K) Class: 21560K(22528K)->21560K(22528K)
[21.334s][info][gc          ] GC(46) Pause Young (Concurrent Start) (G1 Evacuation Pause) 1211M->536M(1364M) 5.768ms
[21.334s][info][gc,cpu      ] GC(46) User=0.06s Sys=0.00s Real=0.01s
[21.334s][info][gc          ] GC(47) Concurrent Mark Cycle
[21.338s][info][gc,marking  ] GC(47) Concurrent Scan Root Regions
[21.350s][info][gc,marking  ] GC(47) Concurrent Scan Root Regions 12.298ms
[21.351s][info][gc,marking  ] GC(47) Concurrent Mark
[21.351s][info][gc,marking  ] GC(47) Concurrent Mark From Roots
[21.351s][info][gc,task     ] GC(47) Using 5 workers of 5 for marking
[21.403s][info][gc,marking  ] GC(47) Concurrent Mark From Roots 51.962ms
[21.403s][info][gc,marking  ] GC(47) Concurrent Preclean
[21.403s][info][gc,marking  ] GC(47) Concurrent Preclean 0.353ms
[21.403s][info][gc,start    ] GC(47) Pause Remark
[21.409s][info][gc          ] GC(47) Pause Remark 700M->700M(1364M) 5.199ms
[21.409s][info][gc,cpu      ] GC(47) User=0.05s Sys=0.00s Real=0.00s
[21.409s][info][gc,marking  ] GC(47) Concurrent Mark 58.382ms
[21.409s][info][gc,marking  ] GC(47) Concurrent Rebuild Remembered Sets and Scrub Regions
[21.465s][info][gc,marking  ] GC(47) Concurrent Rebuild Remembered Sets and Scrub Regions 55.744ms
[21.466s][info][gc,start    ] GC(47) Pause Cleanup
[21.466s][info][gc          ] GC(47) Pause Cleanup 915M->915M(1364M) 0.294ms
[21.466s][info][gc,cpu      ] GC(47) User=0.00s Sys=0.00s Real=0.00s
[21.466s][info][gc,marking  ] GC(47) Concurrent Clear Claimed Marks
[21.467s][info][gc,marking  ] GC(47) Concurrent Clear Claimed Marks 0.488ms
[21.467s][info][gc,marking  ] GC(47) Concurrent Cleanup for Next Mark
[21.467s][info][gc,marking  ] GC(47) Concurrent Cleanup for Next Mark 0.242ms
[21.467s][info][gc          ] GC(47) Concurrent Mark Cycle 132.912ms
[21.554s][info][gc,start    ] GC(48) Pause Young (Prepare Mixed) (G1 Evacuation Pause)
[21.554s][info][gc,task     ] GC(48) Using 18 workers of 18 for evacuation
[21.559s][info][gc,phases   ] GC(48)   Pre Evacuate Collection Set: 0.2ms
[21.559s][info][gc,phases   ] GC(48)   Merge Heap Roots: 0.3ms
[21.559s][info][gc,phases   ] GC(48)   Evacuate Collection Set: 4.0ms
[21.559s][info][gc,phases   ] GC(48)   Post Evacuate Collection Set: 0.8ms
[21.559s][info][gc,phases   ] GC(48)   Other: 0.1ms
[21.559s][info][gc,heap     ] GC(48) Eden regions: 175->0(175)
[21.560s][info][gc,heap     ] GC(48) Survivor regions: 9->11(23)
[21.560s][info][gc,heap     ] GC(48) Old regions: 123->123
[21.560s][info][gc,heap     ] GC(48) Humongous regions: 3->3
[21.560s][info][gc,metaspace] GC(48) Metaspace: 179420K(181568K)->179420K(181568K) NonClass: 157859K(159040K)->157859K(159040K) Class: 21561K(22528K)->21561K(22528K)
[21.560s][info][gc          ] GC(48) Pause Young (Prepare Mixed) (G1 Evacuation Pause) 1236M->543M(1364M) 6.086ms
[21.560s][info][gc,cpu      ] GC(48) User=0.07s Sys=0.00s Real=0.00s
[21.756s][info][gc,start    ] GC(49) Pause Young (Mixed) (G1 Evacuation Pause)
[21.756s][info][gc,task     ] GC(49) Using 18 workers of 18 for evacuation
[21.762s][info][gc,phases   ] GC(49)   Pre Evacuate Collection Set: 0.2ms
[21.762s][info][gc,phases   ] GC(49)   Merge Heap Roots: 0.3ms
[21.763s][info][gc,phases   ] GC(49)   Evacuate Collection Set: 4.8ms
[21.763s][info][gc,phases   ] GC(49)   Post Evacuate Collection Set: 1.1ms
[21.763s][info][gc,phases   ] GC(49)   Other: 0.1ms
[21.763s][info][gc,heap     ] GC(49) Eden regions: 175->0(194)
[21.763s][info][gc,heap     ] GC(49) Survivor regions: 11->10(24)
[21.763s][info][gc,heap     ] GC(49) Old regions: 123->95
[21.763s][info][gc,heap     ] GC(49) Humongous regions: 3->3
[21.763s][info][gc,metaspace] GC(49) Metaspace: 179493K(181632K)->179493K(181632K) NonClass: 157929K(159104K)->157929K(159104K) Class: 21563K(22528K)->21563K(22528K)
[21.763s][info][gc          ] GC(49) Pause Young (Mixed) (G1 Evacuation Pause) 1243M->425M(1364M) 7.413ms
[21.763s][info][gc,cpu      ] GC(49) User=0.08s Sys=0.00s Real=0.01s
[42.027s][info][gc,start    ] GC(50) Pause Young (Mixed) (G1 Evacuation Pause)
[42.027s][info][gc,task     ] GC(50) Using 18 workers of 18 for evacuation
[42.037s][info][gc,phases   ] GC(50)   Pre Evacuate Collection Set: 0.2ms
[42.037s][info][gc,phases   ] GC(50)   Merge Heap Roots: 0.4ms
[42.037s][info][gc,phases   ] GC(50)   Evacuate Collection Set: 6.7ms
[42.037s][info][gc,phases   ] GC(50)   Post Evacuate Collection Set: 2.6ms
[42.037s][info][gc,phases   ] GC(50)   Other: 0.1ms
[42.037s][info][gc,heap     ] GC(50) Eden regions: 194->0(188)
[42.037s][info][gc,heap     ] GC(50) Survivor regions: 10->16(26)
[42.037s][info][gc,heap     ] GC(50) Old regions: 95->85
[42.037s][info][gc,heap     ] GC(50) Humongous regions: 10->4
[42.037s][info][gc,metaspace] GC(50) Metaspace: 222116K(224576K)->222116K(224576K) NonClass: 194266K(195584K)->194266K(195584K) Class: 27850K(28992K)->27850K(28992K)
[42.037s][info][gc          ] GC(50) Pause Young (Mixed) (G1 Evacuation Pause) 1229M->415M(1364M) 10.390ms
[42.037s][info][gc,cpu      ] GC(50) User=0.12s Sys=0.00s Real=0.01s
[49.978s][info][gc,start    ] GC(51) Pause Young (Concurrent Start) (G1 Evacuation Pause)
[49.978s][info][gc,task     ] GC(51) Using 18 workers of 18 for evacuation
[49.984s][info][gc,phases   ] GC(51)   Pre Evacuate Collection Set: 0.2ms
[49.984s][info][gc,phases   ] GC(51)   Merge Heap Roots: 0.3ms
[49.984s][info][gc,phases   ] GC(51)   Evacuate Collection Set: 4.4ms
[49.984s][info][gc,phases   ] GC(51)   Post Evacuate Collection Set: 1.2ms
[49.984s][info][gc,phases   ] GC(51)   Other: 0.2ms
[49.984s][info][gc,heap     ] GC(51) Eden regions: 188->0(189)
[49.984s][info][gc,heap     ] GC(51) Survivor regions: 16->15(26)
[49.984s][info][gc,heap     ] GC(51) Old regions: 85->88
[49.984s][info][gc,heap     ] GC(51) Humongous regions: 4->4
[49.984s][info][gc,metaspace] GC(51) Metaspace: 222879K(225344K)->222879K(225344K) NonClass: 194971K(196288K)->194971K(196288K) Class: 27908K(29056K)->27908K(29056K)
[49.985s][info][gc          ] GC(51) Pause Young (Concurrent Start) (G1 Evacuation Pause) 1167M->422M(1364M) 6.849ms
[49.985s][info][gc          ] GC(52) Concurrent Mark Cycle
[49.985s][info][gc,marking  ] GC(52) Concurrent Scan Root Regions
[49.985s][info][gc,cpu      ] GC(51) User=0.08s Sys=0.00s Real=0.01s
[49.989s][info][gc,marking  ] GC(52) Concurrent Scan Root Regions 4.284ms
[49.989s][info][gc,marking  ] GC(52) Concurrent Mark
[49.989s][info][gc,marking  ] GC(52) Concurrent Mark From Roots
[49.989s][info][gc,task     ] GC(52) Using 5 workers of 5 for marking
[50.021s][info][gc,marking  ] GC(52) Concurrent Mark From Roots 31.684ms
[50.021s][info][gc,marking  ] GC(52) Concurrent Preclean
[50.021s][info][gc,marking  ] GC(52) Concurrent Preclean 0.562ms
[50.022s][info][gc,start    ] GC(52) Pause Remark
[50.031s][info][gc          ] GC(52) Pause Remark 452M->452M(1364M) 8.971ms
[50.031s][info][gc,cpu      ] GC(52) User=0.05s Sys=0.00s Real=0.01s
[50.031s][info][gc,marking  ] GC(52) Concurrent Mark 41.757ms
[50.031s][info][gc,marking  ] GC(52) Concurrent Rebuild Remembered Sets and Scrub Regions
[50.068s][info][gc,marking  ] GC(52) Concurrent Rebuild Remembered Sets and Scrub Regions 36.905ms
[50.068s][info][gc,start    ] GC(52) Pause Cleanup
[50.068s][info][gc          ] GC(52) Pause Cleanup 488M->488M(1364M) 0.275ms
[50.068s][info][gc,cpu      ] GC(52) User=0.00s Sys=0.00s Real=0.00s
[50.069s][info][gc,marking  ] GC(52) Concurrent Clear Claimed Marks
[50.069s][info][gc,marking  ] GC(52) Concurrent Clear Claimed Marks 0.341ms
[50.069s][info][gc,marking  ] GC(52) Concurrent Cleanup for Next Mark
[50.069s][info][gc,marking  ] GC(52) Concurrent Cleanup for Next Mark 0.192ms
[50.069s][info][gc          ] GC(52) Concurrent Mark Cycle 84.591ms
[66.388s][info][gc,start    ] GC(53) Pause Young (Prepare Mixed) (G1 Evacuation Pause)
[66.388s][info][gc,task     ] GC(53) Using 18 workers of 18 for evacuation
[66.395s][info][gc,phases   ] GC(53)   Pre Evacuate Collection Set: 0.2ms
[66.395s][info][gc,phases   ] GC(53)   Merge Heap Roots: 0.4ms
[66.395s][info][gc,phases   ] GC(53)   Evacuate Collection Set: 4.9ms
[66.395s][info][gc,phases   ] GC(53)   Post Evacuate Collection Set: 1.5ms
[66.395s][info][gc,phases   ] GC(53)   Other: 0.1ms
[66.395s][info][gc,heap     ] GC(53) Eden regions: 189->0(190)
[66.395s][info][gc,heap     ] GC(53) Survivor regions: 15->14(26)
[66.395s][info][gc,heap     ] GC(53) Old regions: 88->90
[66.395s][info][gc,heap     ] GC(53) Humongous regions: 4->4
[66.395s][info][gc,metaspace] GC(53) Metaspace: 232287K(234944K)->232287K(234944K) NonClass: 203321K(204736K)->203321K(204736K) Class: 28966K(30208K)->28966K(30208K)
[66.395s][info][gc          ] GC(53) Pause Young (Prepare Mixed) (G1 Evacuation Pause) 1178M->425M(1364M) 7.848ms
[66.396s][info][gc,cpu      ] GC(53) User=0.08s Sys=0.00s Real=0.01s
[67.130s][info][gc,start    ] GC(54) Pause Young (Mixed) (G1 Evacuation Pause)
[67.130s][info][gc,task     ] GC(54) Using 18 workers of 18 for evacuation
[67.144s][info][gc,phases   ] GC(54)   Pre Evacuate Collection Set: 0.4ms
[67.144s][info][gc,phases   ] GC(54)   Merge Heap Roots: 0.4ms
[67.144s][info][gc,phases   ] GC(54)   Evacuate Collection Set: 8.7ms
[67.144s][info][gc,phases   ] GC(54)   Post Evacuate Collection Set: 3.6ms
[67.144s][info][gc,phases   ] GC(54)   Other: 0.2ms
[67.144s][info][gc,heap     ] GC(54) Eden regions: 190->0(186)
[67.144s][info][gc,heap     ] GC(54) Survivor regions: 14->18(26)
[67.144s][info][gc,heap     ] GC(54) Old regions: 90->86
[67.144s][info][gc,heap     ] GC(54) Humongous regions: 4->4
[67.144s][info][gc,metaspace] GC(54) Metaspace: 238164K(240832K)->238164K(240832K) NonClass: 208486K(209920K)->208486K(209920K) Class: 29678K(30912K)->29678K(30912K)
[67.144s][info][gc          ] GC(54) Pause Young (Mixed) (G1 Evacuation Pause) 1185M->426M(1364M) 14.107ms
[67.144s][info][gc,cpu      ] GC(54) User=0.13s Sys=0.01s Real=0.02s
[68.367s][info][gc,start    ] GC(55) Pause Young (Concurrent Start) (G1 Evacuation Pause)
[68.368s][info][gc,task     ] GC(55) Using 18 workers of 18 for evacuation
[68.377s][info][gc,phases   ] GC(55)   Pre Evacuate Collection Set: 0.2ms
[68.377s][info][gc,phases   ] GC(55)   Merge Heap Roots: 0.2ms
[68.377s][info][gc,phases   ] GC(55)   Evacuate Collection Set: 7.4ms
[68.377s][info][gc,phases   ] GC(55)   Post Evacuate Collection Set: 1.2ms
[68.377s][info][gc,phases   ] GC(55)   Other: 0.1ms
[68.377s][info][gc,heap     ] GC(55) Eden regions: 186->0(191)
[68.377s][info][gc,heap     ] GC(55) Survivor regions: 18->13(26)
[68.377s][info][gc,heap     ] GC(55) Old regions: 86->95
[68.377s][info][gc,heap     ] GC(55) Humongous regions: 4->4
[68.377s][info][gc,metaspace] GC(55) Metaspace: 240495K(243200K)->240495K(243200K) NonClass: 210645K(212096K)->210645K(212096K) Class: 29849K(31104K)->29849K(31104K)
[68.377s][info][gc          ] GC(55) Pause Young (Concurrent Start) (G1 Evacuation Pause) 1170M->441M(1364M) 10.085ms
[68.378s][info][gc          ] GC(56) Concurrent Mark Cycle
[68.378s][info][gc,marking  ] GC(56) Concurrent Scan Root Regions
[68.378s][info][gc,cpu      ] GC(55) User=0.12s Sys=0.01s Real=0.01s
[68.384s][info][gc,marking  ] GC(56) Concurrent Scan Root Regions 6.090ms
[68.386s][info][gc,marking  ] GC(56) Concurrent Mark
[68.387s][info][gc,marking  ] GC(56) Concurrent Mark From Roots
[68.387s][info][gc,task     ] GC(56) Using 5 workers of 5 for marking
[68.444s][info][gc,marking  ] GC(56) Concurrent Mark From Roots 57.636ms
[68.445s][info][gc,marking  ] GC(56) Concurrent Preclean
[68.445s][info][gc,marking  ] GC(56) Concurrent Preclean 0.568ms
[68.445s][info][gc,start    ] GC(56) Pause Remark
[68.459s][info][gc          ] GC(56) Pause Remark 591M->591M(1364M) 13.093ms
[68.459s][info][gc,cpu      ] GC(56) User=0.11s Sys=0.00s Real=0.01s
[68.462s][info][gc,marking  ] GC(56) Concurrent Mark 76.298ms
[68.465s][info][gc,marking  ] GC(56) Concurrent Rebuild Remembered Sets and Scrub Regions
[68.544s][info][gc,marking  ] GC(56) Concurrent Rebuild Remembered Sets and Scrub Regions 78.181ms
[68.550s][info][gc,start    ] GC(56) Pause Cleanup
[68.550s][info][gc          ] GC(56) Pause Cleanup 656M->656M(1364M) 0.285ms
[68.550s][info][gc,cpu      ] GC(56) User=0.00s Sys=0.00s Real=0.00s
[68.553s][info][gc,marking  ] GC(56) Concurrent Clear Claimed Marks
[68.557s][info][gc,marking  ] GC(56) Concurrent Clear Claimed Marks 3.584ms
[68.557s][info][gc,marking  ] GC(56) Concurrent Cleanup for Next Mark
[68.558s][info][gc,marking  ] GC(56) Concurrent Cleanup for Next Mark 0.388ms
[68.558s][info][gc          ] GC(56) Concurrent Mark Cycle 180.151ms
[68.980s][info][gc,start    ] GC(57) Pause Young (Prepare Mixed) (G1 Evacuation Pause)
[68.980s][info][gc,task     ] GC(57) Using 18 workers of 18 for evacuation
[68.986s][info][gc,phases   ] GC(57)   Pre Evacuate Collection Set: 0.2ms
[68.986s][info][gc,phases   ] GC(57)   Merge Heap Roots: 0.1ms
[68.986s][info][gc,phases   ] GC(57)   Evacuate Collection Set: 4.6ms
[68.986s][info][gc,phases   ] GC(57)   Post Evacuate Collection Set: 0.9ms
[68.986s][info][gc,phases   ] GC(57)   Other: 0.1ms
[68.986s][info][gc,heap     ] GC(57) Eden regions: 191->0(187)
[68.986s][info][gc,heap     ] GC(57) Survivor regions: 13->17(26)
[68.986s][info][gc,heap     ] GC(57) Old regions: 95->95
[68.986s][info][gc,heap     ] GC(57) Humongous regions: 4->4
[68.986s][info][gc,metaspace] GC(57) Metaspace: 240801K(243520K)->240801K(243520K) NonClass: 210941K(212416K)->210941K(212416K) Class: 29860K(31104K)->29860K(31104K)
[68.986s][info][gc          ] GC(57) Pause Young (Prepare Mixed) (G1 Evacuation Pause) 1205M->459M(1364M) 6.540ms
[68.986s][info][gc,cpu      ] GC(57) User=0.07s Sys=0.01s Real=0.01s
[69.322s][info][gc,start    ] GC(58) Pause Young (Mixed) (G1 Evacuation Pause)
[69.322s][info][gc,task     ] GC(58) Using 18 workers of 18 for evacuation
[69.334s][info][gc,phases   ] GC(58)   Pre Evacuate Collection Set: 0.2ms
[69.334s][info][gc,phases   ] GC(58)   Merge Heap Roots: 0.2ms
[69.334s][info][gc,phases   ] GC(58)   Evacuate Collection Set: 10.3ms
[69.334s][info][gc,phases   ] GC(58)   Post Evacuate Collection Set: 1.2ms
[69.334s][info][gc,phases   ] GC(58)   Other: 0.1ms
[69.334s][info][gc,heap     ] GC(58) Eden regions: 187->0(172)
[69.334s][info][gc,heap     ] GC(58) Survivor regions: 17->26(26)
[69.334s][info][gc,heap     ] GC(58) Old regions: 95->95
[69.334s][info][gc,heap     ] GC(58) Humongous regions: 4->4
[69.334s][info][gc,metaspace] GC(58) Metaspace: 240879K(243648K)->240879K(243648K) NonClass: 211010K(212480K)->211010K(212480K) Class: 29869K(31168K)->29869K(31168K)
[69.334s][info][gc          ] GC(58) Pause Young (Mixed) (G1 Evacuation Pause) 1207M->497M(1364M) 12.529ms
[69.335s][info][gc,cpu      ] GC(58) User=0.18s Sys=0.01s Real=0.02s
[69.587s][info][gc,start    ] GC(59) Pause Young (Concurrent Start) (G1 Evacuation Pause)
[69.587s][info][gc,task     ] GC(59) Using 18 workers of 18 for evacuation
[69.601s][info][gc,phases   ] GC(59)   Pre Evacuate Collection Set: 0.2ms
[69.601s][info][gc,phases   ] GC(59)   Merge Heap Roots: 0.3ms
[69.601s][info][gc,phases   ] GC(59)   Evacuate Collection Set: 12.6ms
[69.601s][info][gc,phases   ] GC(59)   Post Evacuate Collection Set: 1.2ms
[69.601s][info][gc,phases   ] GC(59)   Other: 0.1ms
[69.601s][info][gc,heap     ] GC(59) Eden regions: 172->0(173)
[69.602s][info][gc,heap     ] GC(59) Survivor regions: 26->16(25)
[69.602s][info][gc,heap     ] GC(59) Old regions: 95->114
[69.602s][info][gc,heap     ] GC(59) Humongous regions: 4->4
[69.602s][info][gc,metaspace] GC(59) Metaspace: 240972K(243712K)->240972K(243712K) NonClass: 211102K(212544K)->211102K(212544K) Class: 29869K(31168K)->29869K(31168K)
[69.602s][info][gc          ] GC(59) Pause Young (Concurrent Start) (G1 Evacuation Pause) 1185M->534M(1364M) 15.094ms
[69.602s][info][gc          ] GC(60) Concurrent Mark Cycle
[69.602s][info][gc,marking  ] GC(60) Concurrent Scan Root Regions
[69.602s][info][gc,cpu      ] GC(59) User=0.18s Sys=0.01s Real=0.01s
[69.610s][info][gc,marking  ] GC(60) Concurrent Scan Root Regions 7.962ms
[69.613s][info][gc,marking  ] GC(60) Concurrent Mark
[69.614s][info][gc,marking  ] GC(60) Concurrent Mark From Roots
[69.614s][info][gc,task     ] GC(60) Using 5 workers of 5 for marking
[69.660s][info][gc,marking  ] GC(60) Concurrent Mark From Roots 46.930ms
[69.661s][info][gc,marking  ] GC(60) Concurrent Preclean
[69.661s][info][gc,marking  ] GC(60) Concurrent Preclean 0.418ms
[69.661s][info][gc,start    ] GC(60) Pause Remark
[69.690s][info][gc          ] GC(60) Pause Remark 565M->565M(1364M) 28.875ms
[69.690s][info][gc,cpu      ] GC(60) User=0.44s Sys=0.00s Real=0.03s
[69.691s][info][gc,marking  ] GC(60) Concurrent Mark 78.024ms
[69.692s][info][gc,marking  ] GC(60) Concurrent Rebuild Remembered Sets and Scrub Regions
[69.737s][info][gc,marking  ] GC(60) Concurrent Rebuild Remembered Sets and Scrub Regions 45.199ms
[69.738s][info][gc,start    ] GC(60) Pause Cleanup
[69.738s][info][gc          ] GC(60) Pause Cleanup 604M->604M(1364M) 0.414ms
[69.738s][info][gc,cpu      ] GC(60) User=0.00s Sys=0.00s Real=0.00s
[69.738s][info][gc,marking  ] GC(60) Concurrent Clear Claimed Marks
[69.739s][info][gc,marking  ] GC(60) Concurrent Clear Claimed Marks 0.407ms
[69.739s][info][gc,marking  ] GC(60) Concurrent Cleanup for Next Mark
[69.739s][info][gc,marking  ] GC(60) Concurrent Cleanup for Next Mark 0.199ms
[69.739s][info][gc          ] GC(60) Concurrent Mark Cycle 137.034ms
[73.942s][info][gc,start    ] GC(61) Pause Young (Prepare Mixed) (G1 Evacuation Pause)
[73.942s][info][gc,task     ] GC(61) Using 18 workers of 18 for evacuation
[73.953s][info][gc,phases   ] GC(61)   Pre Evacuate Collection Set: 0.2ms
[73.953s][info][gc,phases   ] GC(61)   Merge Heap Roots: 0.4ms
[73.953s][info][gc,phases   ] GC(61)   Evacuate Collection Set: 8.6ms
[73.953s][info][gc,phases   ] GC(61)   Post Evacuate Collection Set: 1.6ms
[73.953s][info][gc,phases   ] GC(61)   Other: 0.1ms
[73.954s][info][gc,heap     ] GC(61) Eden regions: 173->0(155)
[73.954s][info][gc,heap     ] GC(61) Survivor regions: 16->20(24)
[73.954s][info][gc,heap     ] GC(61) Old regions: 114->129
[73.954s][info][gc,heap     ] GC(61) Humongous regions: 9->4
[73.954s][info][gc,metaspace] GC(61) Metaspace: 283164K(286208K)->283164K(286208K) NonClass: 246676K(248384K)->246676K(248384K) Class: 36488K(37824K)->36488K(37824K)
[73.954s][info][gc          ] GC(61) Pause Young (Prepare Mixed) (G1 Evacuation Pause) 1246M->607M(1388M) 11.535ms
[73.954s][info][gc,cpu      ] GC(61) User=0.15s Sys=0.01s Real=0.02s
[74.234s][info][gc,start    ] GC(62) Pause Young (Mixed) (G1 Evacuation Pause)
[74.234s][info][gc,task     ] GC(62) Using 18 workers of 18 for evacuation
[74.242s][info][gc,phases   ] GC(62)   Pre Evacuate Collection Set: 0.2ms
[74.242s][info][gc,phases   ] GC(62)   Merge Heap Roots: 0.2ms
[74.242s][info][gc,phases   ] GC(62)   Evacuate Collection Set: 6.6ms
[74.242s][info][gc,phases   ] GC(62)   Post Evacuate Collection Set: 1.4ms
[74.243s][info][gc,phases   ] GC(62)   Other: 0.1ms
[74.243s][info][gc,heap     ] GC(62) Eden regions: 155->0(184)
[74.243s][info][gc,heap     ] GC(62) Survivor regions: 20->7(22)
[74.243s][info][gc,heap     ] GC(62) Old regions: 129->114
[74.243s][info][gc,heap     ] GC(62) Humongous regions: 6->4
[74.243s][info][gc,metaspace] GC(62) Metaspace: 283321K(286336K)->283321K(286336K) NonClass: 246830K(248512K)->246830K(248512K) Class: 36491K(37824K)->36491K(37824K)
[74.243s][info][gc          ] GC(62) Pause Young (Mixed) (G1 Evacuation Pause) 1235M->495M(1388M) 9.103ms
[74.243s][info][gc,cpu      ] GC(62) User=0.12s Sys=0.00s Real=0.01s
[74.620s][info][gc,start    ] GC(63) Pause Young (Mixed) (G1 Evacuation Pause)
[74.620s][info][gc,task     ] GC(63) Using 18 workers of 18 for evacuation
[74.626s][info][gc,phases   ] GC(63)   Pre Evacuate Collection Set: 0.2ms
[74.626s][info][gc,phases   ] GC(63)   Merge Heap Roots: 0.1ms
[74.626s][info][gc,phases   ] GC(63)   Evacuate Collection Set: 5.1ms
[74.626s][info][gc,phases   ] GC(63)   Post Evacuate Collection Set: 0.7ms
[74.626s][info][gc,phases   ] GC(63)   Other: 0.1ms
[74.626s][info][gc,heap     ] GC(63) Eden regions: 184->0(176)
[74.626s][info][gc,heap     ] GC(63) Survivor regions: 7->15(24)
[74.627s][info][gc,heap     ] GC(63) Old regions: 114->115
[74.627s][info][gc,heap     ] GC(63) Humongous regions: 4->4
[74.627s][info][gc,metaspace] GC(63) Metaspace: 283366K(286400K)->283366K(286400K) NonClass: 246872K(248576K)->246872K(248576K) Class: 36493K(37824K)->36493K(37824K)
[74.627s][info][gc          ] GC(63) Pause Young (Mixed) (G1 Evacuation Pause) 1231M->531M(1388M) 6.881ms
[74.627s][info][gc,cpu      ] GC(63) User=0.09s Sys=0.00s Real=0.01s
[74.767s][info][gc,start    ] GC(64) Pause Young (Concurrent Start) (G1 Humongous Allocation)
[74.767s][info][gc,task     ] GC(64) Using 18 workers of 18 for evacuation
[74.770s][info][gc,phases   ] GC(64)   Pre Evacuate Collection Set: 0.2ms
[74.770s][info][gc,phases   ] GC(64)   Merge Heap Roots: 0.3ms
[74.770s][info][gc,phases   ] GC(64)   Evacuate Collection Set: 2.0ms
[74.770s][info][gc,phases   ] GC(64)   Post Evacuate Collection Set: 0.5ms
[74.770s][info][gc,phases   ] GC(64)   Other: 0.2ms
[74.770s][info][gc,heap     ] GC(64) Eden regions: 24->0(190)
[74.770s][info][gc,heap     ] GC(64) Survivor regions: 15->5(24)
[74.770s][info][gc,heap     ] GC(64) Old regions: 115->118
[74.770s][info][gc,heap     ] GC(64) Humongous regions: 4->4
[74.770s][info][gc,metaspace] GC(64) Metaspace: 283408K(286464K)->283408K(286464K) NonClass: 246911K(248640K)->246911K(248640K) Class: 36497K(37824K)->36497K(37824K)
[74.770s][info][gc          ] GC(64) Pause Young (Concurrent Start) (G1 Humongous Allocation) 626M->504M(1388M) 3.602ms
[74.770s][info][gc          ] GC(65) Concurrent Mark Cycle
[74.770s][info][gc,marking  ] GC(65) Concurrent Scan Root Regions
[74.770s][info][gc,cpu      ] GC(64) User=0.02s Sys=0.00s Real=0.00s
[74.773s][info][gc,marking  ] GC(65) Concurrent Scan Root Regions 2.131ms
[74.773s][info][gc,marking  ] GC(65) Concurrent Mark
[74.773s][info][gc,marking  ] GC(65) Concurrent Mark From Roots
[74.773s][info][gc,task     ] GC(65) Using 5 workers of 5 for marking
[74.810s][info][gc,marking  ] GC(65) Concurrent Mark From Roots 36.683ms
[74.810s][info][gc,marking  ] GC(65) Concurrent Preclean
[74.812s][info][gc,marking  ] GC(65) Concurrent Preclean 2.619ms
[74.817s][info][gc,start    ] GC(65) Pause Remark
[74.863s][info][gc          ] GC(65) Pause Remark 557M->537M(1388M) 46.283ms
[74.863s][info][gc,cpu      ] GC(65) User=0.74s Sys=0.01s Real=0.05s
[74.863s][info][gc,marking  ] GC(65) Concurrent Mark 90.646ms
[74.864s][info][gc,marking  ] GC(65) Concurrent Rebuild Remembered Sets and Scrub Regions
[74.907s][info][gc,marking  ] GC(65) Concurrent Rebuild Remembered Sets and Scrub Regions 43.272ms
[74.909s][info][gc,start    ] GC(65) Pause Cleanup
[74.909s][info][gc          ] GC(65) Pause Cleanup 549M->549M(1388M) 0.246ms
[74.909s][info][gc,cpu      ] GC(65) User=0.00s Sys=0.00s Real=0.00s
[74.909s][info][gc,marking  ] GC(65) Concurrent Clear Claimed Marks
[74.909s][info][gc,marking  ] GC(65) Concurrent Clear Claimed Marks 0.402ms
[74.910s][info][gc,marking  ] GC(65) Concurrent Cleanup for Next Mark
[74.910s][info][gc,marking  ] GC(65) Concurrent Cleanup for Next Mark 0.243ms
[74.910s][info][gc          ] GC(65) Concurrent Mark Cycle 140.102ms
[76.566s][info][gc,start    ] GC(66) Pause Young (Prepare Mixed) (G1 Evacuation Pause)
[76.566s][info][gc,task     ] GC(66) Using 18 workers of 18 for evacuation
[76.580s][info][gc,phases   ] GC(66)   Pre Evacuate Collection Set: 0.3ms
[76.580s][info][gc,phases   ] GC(66)   Merge Heap Roots: 0.2ms
[76.580s][info][gc,phases   ] GC(66)   Evacuate Collection Set: 10.8ms
[76.580s][info][gc,phases   ] GC(66)   Post Evacuate Collection Set: 2.3ms
[76.580s][info][gc,phases   ] GC(66)   Other: 0.1ms
[76.580s][info][gc,heap     ] GC(66) Eden regions: 190->0(158)
[76.580s][info][gc,heap     ] GC(66) Survivor regions: 5->25(25)
[76.580s][info][gc,heap     ] GC(66) Old regions: 113->117
[76.580s][info][gc,heap     ] GC(66) Humongous regions: 6->4
[76.580s][info][gc,metaspace] GC(66) Metaspace: 341988K(345216K)->341988K(345216K) NonClass: 297403K(299200K)->297403K(299200K) Class: 44585K(46016K)->44585K(46016K)
[76.580s][info][gc          ] GC(66) Pause Young (Prepare Mixed) (G1 Evacuation Pause) 1252M->581M(1388M) 14.358ms
[76.580s][info][gc,cpu      ] GC(66) User=0.20s Sys=0.00s Real=0.01s
[77.830s][info][gc,start    ] GC(67) Pause Young (Mixed) (G1 Evacuation Pause)
[77.830s][info][gc,task     ] GC(67) Using 18 workers of 18 for evacuation
[77.846s][info][gc,phases   ] GC(67)   Pre Evacuate Collection Set: 0.2ms
[77.846s][info][gc,phases   ] GC(67)   Merge Heap Roots: 0.2ms
[77.846s][info][gc,phases   ] GC(67)   Evacuate Collection Set: 12.8ms
[77.846s][info][gc,phases   ] GC(67)   Post Evacuate Collection Set: 2.4ms
[77.846s][info][gc,phases   ] GC(67)   Other: 0.1ms
[77.846s][info][gc,heap     ] GC(67) Eden regions: 158->0(177)
[77.846s][info][gc,heap     ] GC(67) Survivor regions: 25->14(23)
[77.846s][info][gc,heap     ] GC(67) Old regions: 117->109
[77.846s][info][gc,heap     ] GC(67) Humongous regions: 4->4
[77.846s][info][gc,metaspace] GC(67) Metaspace: 352112K(355328K)->352112K(355328K) NonClass: 306286K(308096K)->306286K(308096K) Class: 45826K(47232K)->45826K(47232K)
[77.846s][info][gc          ] GC(67) Pause Young (Mixed) (G1 Evacuation Pause) 1213M->504M(1388M) 16.417ms
[77.846s][info][gc,cpu      ] GC(67) User=0.24s Sys=0.01s Real=0.02s
[79.465s][info][gc,start    ] GC(68) Pause Young (Mixed) (G1 Evacuation Pause)
[79.465s][info][gc,task     ] GC(68) Using 18 workers of 18 for evacuation
[79.475s][info][gc,phases   ] GC(68)   Pre Evacuate Collection Set: 0.2ms
[79.475s][info][gc,phases   ] GC(68)   Merge Heap Roots: 0.2ms
[79.476s][info][gc,phases   ] GC(68)   Evacuate Collection Set: 8.2ms
[79.476s][info][gc,phases   ] GC(68)   Post Evacuate Collection Set: 1.8ms
[79.476s][info][gc,phases   ] GC(68)   Other: 0.1ms
[79.476s][info][gc,heap     ] GC(68) Eden regions: 177->0(176)
[79.476s][info][gc,heap     ] GC(68) Survivor regions: 14->19(24)
[79.476s][info][gc,heap     ] GC(68) Old regions: 109->110
[79.476s][info][gc,heap     ] GC(68) Humongous regions: 4->4
[79.476s][info][gc,metaspace] GC(68) Metaspace: 356436K(359744K)->356436K(359744K) NonClass: 310441K(312256K)->310441K(312256K) Class: 45995K(47488K)->45995K(47488K)
[79.476s][info][gc          ] GC(68) Pause Young (Mixed) (G1 Evacuation Pause) 1212M->528M(1388M) 11.647ms
[79.476s][info][gc,cpu      ] GC(68) User=0.14s Sys=0.00s Real=0.01s
[80.865s][info][gc,start    ] GC(69) Pause Young (Concurrent Start) (G1 Evacuation Pause)
[80.865s][info][gc,task     ] GC(69) Using 18 workers of 18 for evacuation
[80.875s][info][gc,phases   ] GC(69)   Pre Evacuate Collection Set: 0.3ms
[80.875s][info][gc,phases   ] GC(69)   Merge Heap Roots: 0.1ms
[80.876s][info][gc,phases   ] GC(69)   Evacuate Collection Set: 8.2ms
[80.876s][info][gc,phases   ] GC(69)   Post Evacuate Collection Set: 1.6ms
[80.876s][info][gc,phases   ] GC(69)   Other: 0.1ms
[80.876s][info][gc,heap     ] GC(69) Eden regions: 176->0(173)
[80.876s][info][gc,heap     ] GC(69) Survivor regions: 19->16(25)
[80.876s][info][gc,heap     ] GC(69) Old regions: 110->120
[80.876s][info][gc,heap     ] GC(69) Humongous regions: 4->4
[80.876s][info][gc,metaspace] GC(69) Metaspace: 361866K(365184K)->361866K(365184K) NonClass: 315457K(317312K)->315457K(317312K) Class: 46408K(47872K)->46408K(47872K)
[80.876s][info][gc          ] GC(69) Pause Young (Concurrent Start) (G1 Evacuation Pause) 1232M->554M(1388M) 11.035ms
[80.876s][info][gc,cpu      ] GC(69) User=0.15s Sys=0.00s Real=0.01s
[80.876s][info][gc          ] GC(70) Concurrent Mark Cycle
[80.880s][info][gc,marking  ] GC(70) Concurrent Scan Root Regions
[80.892s][info][gc,marking  ] GC(70) Concurrent Scan Root Regions 12.275ms
[80.893s][info][gc,marking  ] GC(70) Concurrent Mark
[80.893s][info][gc,marking  ] GC(70) Concurrent Mark From Roots
[80.893s][info][gc,task     ] GC(70) Using 5 workers of 5 for marking
[80.959s][info][gc,marking  ] GC(70) Concurrent Mark From Roots 65.846ms
[80.959s][info][gc,marking  ] GC(70) Concurrent Preclean
[80.961s][info][gc,marking  ] GC(70) Concurrent Preclean 1.519ms
[80.962s][info][gc,start    ] GC(70) Pause Remark
[81.007s][info][gc          ] GC(70) Pause Remark 636M->636M(1388M) 44.483ms
[81.007s][info][gc,cpu      ] GC(70) User=0.69s Sys=0.01s Real=0.04s
[81.010s][info][gc,marking  ] GC(70) Concurrent Mark 116.534ms
[81.010s][info][gc,marking  ] GC(70) Concurrent Rebuild Remembered Sets and Scrub Regions
[81.084s][info][gc,marking  ] GC(70) Concurrent Rebuild Remembered Sets and Scrub Regions 74.286ms
[81.085s][info][gc,start    ] GC(70) Pause Cleanup
[81.085s][info][gc          ] GC(70) Pause Cleanup 708M->708M(1388M) 0.292ms
[81.085s][info][gc,cpu      ] GC(70) User=0.00s Sys=0.00s Real=0.00s
[81.085s][info][gc,marking  ] GC(70) Concurrent Clear Claimed Marks
[81.086s][info][gc,marking  ] GC(70) Concurrent Clear Claimed Marks 0.507ms
[81.086s][info][gc,marking  ] GC(70) Concurrent Cleanup for Next Mark
[81.086s][info][gc,marking  ] GC(70) Concurrent Cleanup for Next Mark 0.251ms
[81.086s][info][gc          ] GC(70) Concurrent Mark Cycle 210.116ms
[81.935s][info][gc,heap,exit] Heap
[81.935s][info][gc,heap,exit]  garbage-first heap   total 1421312K, used 1003411K [0x00000006a9000000, 0x0000000800000000)
[81.936s][info][gc,heap,exit]   region size 4096K, 123 young (503808K), 16 survivors (65536K)
[81.936s][info][gc,heap,exit]  Metaspace       used 366637K, committed 370048K, reserved 1376256K
[81.936s][info][gc,heap,exit]   class space    used 46969K, committed 48512K, reserved 1048576K
